; Map created with FinalAlert 2(tm) Mission Editor
; Get it at http://www.westwood.com
; note that all comments were truncated
[Header]
Width = 45
Height = 44
StartX = 233
StartY = 30
Waypoint1 = 269,64
Waypoint2 = 0,0
Waypoint3 = 0,0
Waypoint4 = 0,0
Waypoint5 = 0,0
Waypoint6 = 0,0
Waypoint7 = 0,0
Waypoint8 = 0,0
NumberStartingPoints = 1

[Preview]
Size = 0,0,100,50

[PreviewPack]
1 = HQ0AIAmfp0+hp0/nvHHmvXVLAOe8cUgAQAFIAEABSABAAUgAQAFIAEABSABAAUgAQAFIAE
2 = ABSABAAUgAQAFIAEABSABAAUgAQAFIAEABSABAAUgAQAFIAEABSABAAUgAQAFIAEABSABA
3 = AUgAQAFIAEABSABAAUgAQAFIAEABSABAAUgAQAFIAEABSABAAUgAQAFIAEABSABAAUgAQA
4 = FIAEABSABAAUgAQAFIAEABSABAAUgAQAFIAEABSABAAUgAQAFIAEABSABAAUgAQAEnCABY
5 = AUgAuAFAAUgAIPYsACAACVwJqEhUAEgAIPYsCVgiUCNIAEABICddCXjgAFgKSABEC0gAQA
6 = FIAEABSABAAUgAQAFIAO0FeEwBUAJIAEABSABAAUgAQAFIAEABSABAAUgAQAFIAEABSABA
7 = AUgAQAFIAEABSABAAUgAQAFIAEABSABAAUgAQAFIAEABSABAAUgAQAFIAEABSABAAUgAQA
8 = FIAEABSABAAUgAQAFIAEABSABAAUgAQAFIAKABVABIAFgBSABAAUgAQAFIAEABSABAAUgA
9 = QAFIAEABSABAAUgAQAFIAEABJ+ADKiAAXAJIAEAESABAAUgAQAFIACqMAKwBUAJIAEAESA
10 = BAAUgAQAGoA1QATAFIAFACSABAAUgAQAFIAEABSABAAUgAQAFIAEABSABAAUgAQAFIAEAB
11 = SABAAUgAQAFIAEABSABAAUgAQAFIAEABSABAAUgAQAFIAEABSABAAUgAQAFIAEABSABAAS
12 = AbXAlMGTkIAFALSAxIAEABSAAzpABcAkAESABAAUgAQAEzmABcAkgAQARIAEABSABAAUgA
13 = QAEnvABMAUQCqABMAUgAIDAsAEAKWApIAEABSABAAUgAQAFIAEABSABAAUgAQAFIAEABSA
14 = BAASeEAjMgAKwEWARAAUgAQAEzmABcAkgAQARIAEABP4wAKoAAXAVIACpEAKwBUAJIAEAK
15 = SABAAUgAQAFIAEABSABAAUgAQAFIAEABSABAAUgAQAFIAEABSABAAUgAQAFIAEABSABAAU
16 = gAQAEgD1wJqBI2FABAClgKSABAAUgAQAFIAEABSABAASfUAEwBRAKoAEwBSACsASeAACcg
17 = AKgDJzgALSAAVAMtRABYAUgJVAAnCABMBEgAUAJIAEABSABAAUgAQAFIAEABSABAAUgAQA
18 = FIAEABSABAAUgAQAFIAEABSACgAVQASABYAUgAQAFIAEABSABAAUgAQAFIAEABJ/QBMyAA
19 = rARYBEABSABAAUgAQAFIAEABqAAnLABAAUgAsAJUAC0sACd8AbwCJzgAKiAAVAZIAEAESA
20 = BAAagDTAGgATAUAEwESABABEgAQAEngABMAUgAUAJIAEABSABAAUgAQAFIAEABSABAAUgA
21 = QAEgA1wJJ2QBMyAAUAhICUgAQAFIAEABSABAAUgAQAFIAEABSABAAagAJywAQAFIALACVA
22 = AzLABQAkgAVAMn6AFMAUQCqAAnUABYAVwCSABAAUgAJ1wALSAAQARIAC1QAFgBUAJIAEAH
23 = SABAAUgAQAFIAEABSABAAUgAoAFUAEgAWAFIAEABSABAAUgAQAFcCDkIAKwEWARAAUgAQA
24 = FIAEABSABAAUgAQAFIAEABSABAAUgAQAGoACcsAEABSAAnUAAwLABEAqgATASgAVQATAEn
25 = YAJMAUgAUAJIAEABSABAAUgAJ4AALSAAQAQtRAC4AVwCSABAB0gAQAFIAEABSABAAUgAQA
26 = E2XAm4BzYUAEAHWAdIAEABSABAAUgAQAFIAEABSABAAUgAQAFIAEABSABAAUgAQAFIAEAB
27 = qACsAVQAqABQAifEAUwBsAJUAEwBvAKsAVQAqABcAkgArAGgBFQAWAFQAkgAQAFIAEQCMw
28 = gAQAQwXABcBVwCSABAAUgAQAFIAEABSACgAVQASABYAUgAQAEwBAEqRACsBFgEQAFIAEAB
29 = SABAAUgAQAFIAEABSABAAUgAQAFIAEABSABAAUgAQAFIAEABSABAAUgAQAFIAEABqABMAS
30 = q4AVACKjgArAFMBFwCSABAAUgAQAG8AlQATAFIAFACSABAAUgAQAFIAEgDMwgAQAQtXABQ
31 = BUgAXAJIAEABSABAAUgAQAEzXAkt+AC4AVAFSAZIAEABSABAAUgAQAFIAEABSABAAUgAQA
32 = FIAEABSABAAUgAQAFIAEABSABAAUgAQAFIAEABSABAAUgAQAFIAEABSABAAUgAQAFIAEAB
33 = SACgELQAUAJIAFACSACkAlQATAFQAqgAMywAUAJIAEQFJwgAsAW4AUwBoAFMBEwBSABAAU
34 = gAQAFIAEABSACgAVQASABYAUgAQAFIAEABSAC4B1QATAFQAkgAQAFIAEABSABAAUgAQAFI
35 = AEABSABAAUgAQAFIAEABSABAAUgAQAFIAEABSABAAUgAQAFIAEABSABAAUgAQAFIAEABSA
36 = BAAUgAQAFIAEABSABAAUgAQAFIAEABSABUEi0IAFACSABABCdcAEwBqAC8AlQAqABQAkAB
37 = JxQAQAFIAKQCoAE2LAAzXAlIBkgASAZIAEABSABAAUgAQAFIAEABSABAAUgAQAFIAEABSA
38 = BAAUgAQAFIAEABSABAAUgAQAFIAEABLRQDUAJIAFwCSABAAUgAQAFIAEABSABAAUgAQAFI
39 = AEABSABAAUgAQAFIAEABSAAnQAFMAVACSABAAUgAJ1wAQAEnUABcAkwBSABAAUgAQAFIAE
40 = ABSABAAUgAQAFIAEABSABAAUgAQAFIAEABSACgAVQASABYAUgAQAFIAEABSABAAUgAQAFI
41 = AEABSABAAUgAQAFIAEABSABAAUgAQAFIAEABSABAAUgAQAFIAEABSABAAUgAQAFIAFAXqA
42 = AtLABABEgAUAJIAEABSABAAUgAQAFIAEABSABAAUgAQAFIAEABSABAAUgAQAFIAEABSABA
43 = AUgAQAFIAKANtAAnUABcAkwBSABAAUgAJyAArAEnOABAAUgAUAJIAEABSABAASBLXAmkDl
44 = AOvBctFABcAkAESABAAUgAQAFIAEABSABAAUgAQAFIAEABSABAAUgAQAFIAEABSABAAUgA
45 = QAFIAEABSABAAUgAJ5QBTAFQAqgArAFUAKgAUAKgAVQATAFIAEABSABAAUgAQAFIAKABVA
46 = BIAFgBSABAAUgAQAFIAEABSABAAUgAQAFIAEABSABAAUgAQAFIAEABSABAAUgAQAFIAEAB
47 = SABAAUgAQAFIAEABSABAAUgAJ+QCMyAAQARIAFAFqACsASekACdQALwCWAFAAUgAQAFIAE
48 = ABSABAAUgAQAFIAEABqACsAVQAqAAnQAFAASeAAEgDPywAIEhcCUATPAgAM7QCKsgAQARI
49 = AD9EAzmMACc0AUwEKiwAIAZMAVQGNqQAIBU0AUAKSAAqTAEnHAE2IAAtvAAq7ABMAbQGTA
50 = SgAVQATAFcAkgAQAFIAEABUAJIAKwBWAFAAUgAQAFIAEABSABUAzAIAFwCQARIAEABSABA
51 = AUgAQAFIAEABSABAAUgAQAFIAEABNlwJLWQBRAVIAEgGSABAAUgAQAFIAEABSABAAUgAQA
52 = FIAEABSABAAUgALRABMDgATARQBUgAQAFIAEABSAC4BEABSABQAkgAQAGwAicUAFACSABc
53 = AkgAJ1AAQAFQAkgAUAJIAEABSABAAVwCOQgArARYBEABSABAAUgAQAFIAEABSABAAUgAoA
54 = FUAEgAWAFIAEABSABAAUgAQAGoDKwBWAFAAUgAQAFIAEABSABAAUgAQAFIAEABSABAAUgA
55 = oAc5FABMBFAFSABAAUgAQAFIAEABSAZAAUgATAFIACcgAKwBVANIAEwBVACoAEwBTAQnLA
56 = CgAVQAvAJIA0ABSABAAVACOQgArARYBEABSABAAUgAQAFIAEABSABAATZcCbQDQARAASeI
57 = AUwBSABQAkgAQAFIAEABSABAAUgAQAFIACewADYgAEwEUAVIAEABSABAAUgAQAFcBUABSA
58 = BMAUgAJyAAMFwARAIqCABQBUgAKkQAJywAXAJcCEgAQAFIAEABJ2gAMyAArARYBEABSABA
59 = AUgAQAFIAKABVABIAFgBSABAAUgAQAFIAEABSAAwTAFQAkgAQARIAEABSABAAUgAMKQALU
60 = QATARQBUgAQAFIAEABSABAAVgEQAFIAEwBSABAAUgAQAE2XABIA0AEVANIAKwBWAFAAUgA
61 = RAIwCABcAkAESABAAUgAQAEwjAAqRACsBFgEQAFIAEABSABAATZcCSfsAFgENiwASANECE
62 = gAQAEnjAAzIACsBFgESAAnLABAAVAFRAJIAEwBSABAAUgAQAE2XABIA0AESABAAUgAQAFI
63 = AEABSABAAUgAQAFIAFgHMAgAXAJABEgAQAFIAEABMIwARAJcAkgAQARIAEABSABAAUgAoA
64 = FUAEgAWAFIAEABSABIBi0IAFACSAAtUABYAVACSABAB0gAQAFEAgh4eHh4eHh4eHh4eBEA
65 = AC0KmBoNeHh4eOe8cea9dea9dee8cUgAJyAArAEnOABAAUgAUAJIBkABSABMAUgAQAFIAE
66 = ABSABAAUgAQAFIAEABSABAAUgAQAFIAEABSABAAUgAQAFIAEgJMAgAXAJABEgAQAFIAEAB
67 = J4wATAFIAFACSABAAUgAQAFIAEABSABAAQOfp0+hp09AAVgBKtQAIAMsAEgGQAdIAEABSA
68 = BAAUgAQAGsB6wBWAFAAUgAQAFIAEABVANAAUgATAFIAEABSABAASAPXABIBkAHSABAAUgA
69 = QAFIAEABSABAAUgAQAFIAFgKMAgAXAJABEgAQAFIAEABSABAAUgAQAFIAEABSABAAUgAQA
70 = FIAKABVABIADBAAVACSAA2XABYB0gAQARIAEABSABAAUgAQAFIACcgAKwBJzgAQAFIAFAC
71 = SABAAUgAQAFIACcgAKwBuAFID0ABSABQAkgAQAFIAEABSAAnIACsASc4AEABSABQAkgAQA
72 = FIAEABSABICTAIAFwCQARIAEABSABAAUgAQAFIAEABSABAAUgAQAFIAEABIA9cCVQGSABA
73 = B1QASABAAUgAQAFIAEABSABAAUgAQAFIAEABSABAAUgAQAFIAEABSABAAUgAQAFcF0ABSA
74 = BMAUgAQAFIAEABM1wAqANUAEgATARIAEABSABAAUgAQAFIAEABSABAAUgAQAFIAEABSABA
75 = AUgAWAotCABQAkgAQARIAEABSABAAUgAQAFIAEABSABAAUgAoAFUAEgAWAFIAEABSAAtQA
76 = FYAVACSABABEgAQAFIAEABSABAAUgAQAFIAFgESABAAUgAUAJIAEABSABAAUgAQAFIAEAB
77 = SABAAUgAQAFIAEABSABAAUgAQAFIAEABSABAAUgAQAGoACcsAEABSAAnUAAgEiwAUBSoAC
78 = AP7AAqXAlAEFgHSABAAbQJVABMAUgAUAJIAEABSABAAUgAQAFIAEABSABAAUgAQAFIACcg
79 = AKwBJzgAQAFUCUgAMFwASANQAkgDQAFIAEwBSABAAagAJywAQAFIACdQACBRLAAgCcQBpA
80 = W0ACfAAkAcSABQAkgAJ1AArAFcAkgArAFIA0ABSABAAUgAQAFIAEABSABAAUgAQAFIAEAB
81 = SABAAUgAQAFIAEABSABAAUgAQAFIAEABSABAAUgAQAFIAEABSABAAUgAQAFIAEABSABAAU
82 = gAQAFIAEABSABAAUgAQAFIAEABSABAAUgAQAFIAEABSABAAUgAQAFIAEABSABAAUgAQAE2
83 = XAm0A0AEQAFIAEABSABAAUgAQAFIAEABSABAAUgAQAFIAEABSABAAUgAQAFIACcgAKwBJz
84 = gAQAFIAFACSABAAUgAQAFIAEABSABAAUgAQAFIAEABSABAAUgAQAFIAEABSABAAUgAQAFI
85 = AEABSABAAUgAQAFIAEABSABAAUgAQAFIAEABSABAAUgAQAFIAEABSABAAUgAQAFIAEABSA
86 = BAAUgAQAFIAEABSABAAUgAoAFUAEgAWAFIAEABSABAAUgAQAFIAEABSABAAUgAQAFIAEAB
87 = QEZIAKwBVACoAFwCSABcAkgAQAGwAlQATAFEAkgArAFYAUABSABAAUgAQAFIAEABSABAAU
88 = gAQAFIAEABSABAAUgAQAFIAEABSABAAUgAQAFIAEABSABAAUgAQAFIAEABSABAAUgAQAFI
89 = AEABSABAAUgAQAFIAEABSABAAUgAQAFIAEABSABAAUgAQAFIAEABSABAAUgAQAFIAEABOV
90 = wJoARUAKgAUAUnIACsAVQAqAAtXABYASpcALgBVABIACpcACCQLABAFkgYSABAAUgAJyAA
91 = MCwAQENIALwCJ5gAQAFIAFwCSABAAUgAQARIAEABSABQAkgAQAFIAFACSABAAUgAQAFIAE
92 = ABSABAAUgAQAFIAEABSABAAUgAQAFIAEABSABAAUgAQAFIAEABSABAAUgAQAFIAEABSABA
93 = AUgAQAFIAEABSABAAUgAQAFLAP8AAKgATAFQAkgAQAFIAEABSABAAUgAQAFIAEABSABAAU
94 = gAQAFIAEABSABAATlcCVQDSABYBEgAQAFIAEABSABAAUgAQAFIAEABSABAAUgAQAFIAEAB
95 = qACsAVQAqAAnUABYASAhLABECCAGHAGoJCoUAEAHSABECEgAQAFIAEABSABAAUgAQAFIAE
96 = ABSABAAUgAQAFIAKABVABIAFgBSABAAUgAQAFIAEABSABAAUgAQAFIAEABSABAAUgAQEZI
97 = AEABRAKoAEwBSAAgdSwAJ6wEWBNQFEgAQAFIAEABSABAAUgAQAFIAEABSABAAUgAQAFIAE
98 = ABSABAATlcCaAEVABIAEQFSAAnIACsASc4AEABqAAzXABQAkgAJ4AAIJksADzkAlQDqABE
99 = HaABVABMAagAMywAUAJIACeAACCrLAA5XAlYHEgALdQDRAKoAC1cAFgBIMBcAEAcWBxIAE
100 = ABSABAAUgAQAFIAEABSABAAUgAQAFUk0gArAFYAUgAJywAQAFIAEQCSABAAUgAQAFIAEAB
101 = SABAAUgAQAFIAEABSABAAUgAQAFIAEABSABAAUgAQAFIAEABSABAAUgAQAFIAEABSABAAU
102 = gAQAFIAEABSABAAUgAQAFIAEABSABAAUgAQAFIAEABSABAAUgAQAFIAEABSABAAUgAQAFI
103 = AEABSABAAUgAQAFIAEABSABAAUgAQAFIAEABSABAASAPXAm0BkAHQAFIAEABSABAAUgAQA
104 = FIAEABSABAAUgAQAFIAEABSABAAUgAQAFIAEABSABAAUgAQAFIAEABSABAAUgAQAFIAEAB
105 = SABAAUgAQAFIAEABSABAAUgAQAFIAEABSABAAUgAQAFIAEABSABAAUgAQAFIAEABSABAAU
106 = gAQAFIAEABSABAAUgAQAFIAEABSABAAUgAQAFIAEABSABAAUgAQAFIAKABVABIAFgBSABA
107 = AUgAQAFIAEABSABAAUgAQAFIAEABSABAAUgAQAFIAEABSABAAUgAQAFIAEABSABAAUgAQA
108 = FIAEABSABAAUgAQAFIAEABSABAAUgAQAFIAEABSABAAUgAQAFIAEABSABAAUgAQAFIAEAB
109 = SABAAUgAQAFIAEABSABAAUgAQAFIAEABSABAAUgAQAFIAEABSABAAUgAQAFIAEABSABAAU
110 = gAQAFIAEABSABAAUgAQAFIAEABSABAAUgAQAFIAEABIAAAAGZfCf///1BxSABccUgAQAFI
111 = AEABSABAAUgAQAFIAEABSABAAUgAQAFIAEABSABAAUgAQAFIAEABSABAAUgAQAFIAEABSA
112 = BAAUgAQAFIAEABSABAAUgAQAFIAEABSABAAUgAQAFIAEABSABAAUgAQAFIAEABSABAAUgA
113 = QAFIAEABSABAAUgAQAFIAEABSABAAUgAQAFIAEABSABAAUgAQAFIAEABSABAAUgAQAFIAE
114 = ABSABAAUgAQAFIAEABSABAAUgAQAEJ57xx5r115r1157xxEQAA

[AITriggerTypesEnable]
AZWSXF-G = yes
16S23TF-G = yes
42NTNDF-G = yes
4L8O15F-G = yes
ABITYUF-G = yes
ANMWNUF-G = yes
ASDPOIF-G = yes
AVOPENF-G = yes
AXISSNF-G = yes
CRHMIPF-G = yes
DFGKLOF-G = yes
DFGPPPF-G = yes
DHRMSTF-G = yes
ERAMNKF-G = yes
FF3131F-G = yes
FYTHOPF-G = yes
GLNMSTF-G = yes
HGLPOTF-G = yes
HPTBNAF-G = yes
JACOBFF-G = yes
KILOPAF-G = yes
LOIPKJF-G = yes
PDFBMPF-G = yes
QALPBNF-G = yes
QETUOSF-G = yes
QWERTYF-G = yes
YUJINKF-G = yes
043F40BC-G = yes
043F521C-G = yes
043F874C-G = yes
05FC13EC-G = yes
05FC1C5C-G = yes
0611A1EC-G = yes
0612B11C-G = yes
0612CD8C-G = yes
0612F46C-G = yes
08B9708C-G = yes
08B9767C-G = yes
08B97C6C-G = yes
0A31295C-G = yes
0A44F17C-G = yes
0A44F2CC-G = yes
0A452C6C-G = yes
0A452E5C-G = yes
0AA845AC-G = yes
0AA846FC-G = yes
0AD2BAEC-G = yes
0C0C7AEC-G = yes
0C0D184C-G = yes
0C0D251C-G = yes
0C1245AC-G = yes
0C1246FC-G = yes
0C32599C-G = yes
0C32D84C-G = yes
0C87B45C-G = yes
0C87B99C-G = yes
0C87E5AC-G = yes
0C8B81BC-G = yes
0C8BC5AC-G = yes
0C8C2AEC-G = yes
0C8C2C3C-G = yes
0C8C430C-G = yes
0C8C4C3C-G = yes
0C8C51BC-G = yes
0C8C56FC-G = yes
0C8C645C-G = yes
0C8C6EDC-G = yes
0C8C71BC-G = yes
0C8E2C3C-G = yes
0C8EE1BC-G = yes
0C8EEAEC-G = yes
0C8EEEDC-G = yes
0C91D45C-G = yes
0C92C1BC-G = yes
0C92C45C-G = yes
0C955AEC-G = yes
0C955C3C-G = yes
0C9561BC-G = yes
0C9565AC-G = yes
0C96F45C-G = yes
0C96F5AC-G = yes
0CA1F84C-G = yes
0CA24D8C-G = yes
0CA2A04C-G = yes
0CA2B06C-G = yes
0CA2D99C-G = yes
0CA2FEDC-G = yes
0CA5945C-G = yes
0CA6621C-G = yes
0CA6AEDC-G = yes
0CAD0B2C-G = yes
0CAD0C7C-G = yes
0CAD0DCC-G = yes
0CAD130C-G = yes
0CAD145C-G = yes
0CAD25AC-G = yes
0CAD2AEC-G = yes
0CAD2C3C-G = yes
0CAD5AEC-G = yes
0CADD99C-G = yes
0CADDEDC-G = yes
0CB29EDC-G = yes
0CB2CEDC-G = yes
0CDF899C-G = yes
0CDF8D8C-G = yes
0CDF8EDC-G = yes
0CE2395C-G = yes
0CE23AAC-G = yes
0CE26B5C-G = yes
0CE26CAC-G = yes
0CE2E8DC-G = yes
0CE2EA2C-G = yes
0CE44D0C-G = yes
0D022B1C-G = yes
0D022C6C-G = yes
0D052AEC-G = yes
0D0803CC-G = yes
0D08461C-G = yes
0D0848BC-G = yes
0D084A0C-G = yes
0D084B5C-G = yes
0D0873DC-G = yes
0D087D8C-G = yes
0D0B3B9C-G = yes
0D2769BC-G = yes
0D2C41EC-G = yes
0D2C448C-G = yes
0D2C45DC-G = yes
0D53099C-G = yes
0D53130C-G = yes
0D53430C-G = yes
0D535EDC-G = yes
0D62145C-G = yes
0D6215AC-G = yes
0D6216FC-G = yes
0D62199C-G = yes
0ECCB2BC-G = yes
0ECCB40C-G = yes
0ECCB55C-G = yes
0ECCB7FC-G = yes
0ECCBC3C-G = yes
0ECCF14C-G = yes
0ECCF29C-G = yes
0ECCF68C-G = yes
0ECCFA7C-G = yes
0ECCFCAC-G = yes
1114FFFF-G = yes
245FFFFF-G = yes
567FFFFF-G = yes
ADSAIOPF-G = yes
F533FFFF-G = yes
FF232FFF-G = yes
FF2444FF-G = yes
FFF2323F-G = yes
FFF233FF-G = yes
FFF65FFF-G = yes
FFFF0367-G = yes
FFFF0381-G = yes
FFFF0395-G = yes
FFFF344F-G = yes
FFFF9FFF-G = yes
GL1NMSTF-G = yes
P1DFBMPF-G = yes
1234FFFFF-G = yes
F3432FFFF-G = yes
F34344FFF-G = yes
FF1357FFF-G = yes
FF344FFFF-G = yes
FF4214FFF-G = yes
FF432FFFF-G = yes
FF777FFFF-G = yes
FFF23231F-G = yes
FFF444FFF-G = yes
FFF45FFFF-G = yes
FFFF00080-G = yes
FFFF00333-G = yes
FFFF00334-G = yes
FFFF00335-G = yes
FFFF00336-G = yes
FFFF00337-G = yes
FFFF00338-G = yes
FFFF00339-G = yes
FFFF00340-G = yes
FFFF00341-G = yes
FFFF00342-G = yes
FFFF00343-G = yes
FFFF00344-G = yes
FFFF00345-G = yes
FFFF00346-G = yes
FFFF00347-G = yes
FFFF00348-G = yes
FFFF00349-G = yes
FFFF00350-G = yes
FFFF00351-G = yes
FFFF00352-G = yes
FFFF00353-G = yes
FFFF00354-G = yes
FFFF00355-G = yes
FFFF00356-G = yes
FFFF00357-G = yes
FFFF00358-G = yes
FFFF00359-G = yes
FFFF00360-G = yes
FFFF00361-G = yes
FFFF00362-G = yes
FFFF00363-G = yes
FFFF00364-G = yes
FFFF00365-G = yes
FFFF00366-G = yes
FFFF00368-G = yes
FFFF00369-G = yes
FFFF00370-G = yes
FFFF00371-G = yes
FFFF00372-G = yes
FFFF00373-G = yes
FFFF00374-G = yes
FFFF00375-G = yes
FFFF00376-G = yes
FFFF00377-G = yes
FFFF00379-G = yes
FFFF00382-G = yes
FFFF00383-G = yes
FFFF00384-G = yes
FFFF00385-G = yes
FFFF00386-G = yes
FFFF00387-G = yes
FFFF00388-G = yes
FFFF00389-G = yes
FFFF00390-G = yes
FFFF00391-G = yes
FFFF00392-G = yes
FFFF00393-G = yes
FFFF00394-G = yes
FFFF00396-G = yes
FFFF00397-G = yes
FFFF00398-G = yes
FFFF00400-G = yes
FFFF00402-G = yes
FFFF00403-G = yes
FFFF00404-G = yes
FFFF00405-G = yes
FFFF00409-G = yes
FFFF00410-G = yes
FFFF00412-G = yes
FFFF00413-G = yes
FFFF00414-G = yes
FFFF00415-G = yes
FFFF00416-G = yes
FFFF00417-G = yes
FFFF00418-G = yes
FFFF00419-G = yes
FFFF00420-G = yes
FFFF00421-G = yes
FFFF00422-G = yes
FFFF00423-G = yes
FFFF00424-G = yes
FFFF00425-G = yes
FFFF00426-G = yes
FFFF03078-G = yes
FFFF04006-G = yes
FFFF04007-G = yes
FFFF04008-G = yes
FFFF04027-G = yes
FFFF33FFF-G = yes
FFFF4334F-G = yes
FFFF55FFF-G = yes
FFFFDFFFF-G = yes
FFFFF23FF-G = yes
FFFtfvFFF-G = yes
F3443FFFFF-G = yes
F4154FFFFF-G = yes
F42424FFFF-G = yes
F53566FFFF-G = yes
FF0000FFFF-G = yes
FF2311FFFF-G = yes
FF23424FFF-G = yes
FF3232FFFF-G = yes
FFF3333FFF-G = yes
FFF3422FFF-G = yes
FFFF000399-G = yes
FFFF000401-G = yes
FFFF000411-G = yes
F242455FFFF-G = yes
FF32332FFFF-G = yes
FFF111FFFFF-G = yes
FF232323FFFF-G = yes
FF232454FFFF-G = yes
FF343004FFFF-G = yes
FFF35353FFFF-G = yes
FFF0000000000FFFF-G = yes

[Actions]
01000000 = 1,14,0,4475,0,0,0,0,A

[Africans]
IQ = 0
Edge = North
Color = DarkRed
Allies = Africans
Country = Africans
Credits = 0
NodeCount = 0
TechLevel = 1
PercentBuilt = 0
PlayerControl = no

[Americans]
IQ = 0
Edge = North
Color = Gold
Allies = Americans
Country = Americans
Credits = 0
NodeCount = 0
TechLevel = 1
PercentBuilt = 0
PlayerControl = no

[Australia]
IQ = 0
Edge = North
Color = Gold
Allies = Australia
Country = Australia
Credits = 0
NodeCount = 0
TechLevel = 1
PercentBuilt = 0
PlayerControl = no

[Basic]
Name = hesoishesoishesoishesois
Percent = 0
GameMode = standard
HomeCell = 98
InitTime = 10000
Official = yes
EndOfGame = yes
FreeRadar = no
MaxPlayer = 2
MinPlayer = 2
SkipScore = no
TrainCrate = no
TruckCrate = no
AltHomeCell = 99
OneTimeOnly = no
CarryOverCap = 0
NewINIFormat = 4
NextScenario = 
SkipMapSelect = no
CarryOverMoney = 0.000000
AltNextScenario = 
MultiplayerOnly = 1
IceGrowthEnabled = yes
VeinGrowthEnabled = yes
TiberiumGrowthEnabled = yes
IgnoreGlobalAITriggers = no
TiberiumDeathToVisceroid = no

[British]
IQ = 0
Edge = North
Color = Gold
Allies = British
Country = British
Credits = 0
NodeCount = 0
TechLevel = 1
PercentBuilt = 0
PlayerControl = no

[China]
IQ = 0
Edge = North
Color = DarkRed
Allies = China
Country = China
Credits = 0
NodeCount = 0
TechLevel = 1
PercentBuilt = 0
PlayerControl = no

[Confederation]
IQ = 0
Edge = North
Color = DarkRed
Allies = Confederation
Country = Confederation
Credits = 0
NodeCount = 0
TechLevel = 1
PercentBuilt = 0
PlayerControl = no

[Events]
01000000 = 1,8,0,0

[French]
IQ = 0
Edge = North
Color = Gold
Allies = French
Country = French
Credits = 0
NodeCount = 0
TechLevel = 1
PercentBuilt = 0
PlayerControl = no

[GDI]
IQ = 0
Edge = North
Color = Gold
Allies = GDI
Country = GDI
Credits = 0
NodeCount = 0
TechLevel = 1
PercentBuilt = 0
PlayerControl = no

[Germans]
IQ = 0
Edge = North
Color = Gold
Allies = Germans
Country = Germans
Credits = 0
NodeCount = 0
TechLevel = 1
PercentBuilt = 0
PlayerControl = no

[Houses]
0 = Americans
1 = French
2 = Germans
3 = British
4 = Africans
5 = Confederation
6 = Russians
7 = YuriCountry
8 = Yugoslavia
9 = China
10 = Australia
11 = YuriPacific
12 = YuriGreen
13 = GDI
14 = Nod
15 = Neutral
16 = Special

[Infantry]
0 = Neutral,TANY,256,48,58,0,Guard,64,01000001,0,-1,0,1,0
1 = Neutral,SABOTEUR,256,48,52,0,Guard,64,01000001,0,-1,0,1,0
2 = Neutral,ALPHA,256,48,54,0,Guard,64,01000001,0,-1,0,1,0
3 = Neutral,BORIS,256,52,58,1,Guard,64,01000001,0,-1,0,1,0
4 = Neutral,PZRK,256,52,52,1,Guard,64,01000001,0,-1,0,1,0
5 = Neutral,ADAM,256,48,50,0,Guard,64,01000001,0,-1,0,1,0
6 = Neutral,SHKCOM,256,52,50,0,Guard,64,01000001,0,-1,0,1,0
7 = Neutral,CHITZ,256,52,56,1,Guard,64,01000001,0,-1,0,1,0
8 = Neutral,VOLKOV,256,52,46,1,Guard,64,01000001,0,-1,0,1,0
9 = Neutral,HAVOC,256,48,46,1,Guard,64,01000001,0,-1,0,1,0
10 = Neutral,BARTON,256,48,56,0,Guard,64,01000001,0,-1,0,1,0
11 = Neutral,HUSSEIN,256,51,54,0,Guard,64,01000001,0,-1,0,1,0
12 = Neutral,PYRO,256,52,48,0,Guard,64,01000001,0,-1,0,1,0
13 = Neutral,YMASTER,256,56,56,1,Guard,64,01000001,0,-1,0,1,0
14 = Neutral,CYBORGC,256,56,54,1,Guard,64,01000001,0,-1,0,1,0
15 = Neutral,PATHFIND,256,48,48,1,Guard,64,01000001,0,-1,0,1,0
16 = Neutral,HUMUNGUS,256,56,50,1,Guard,64,01000001,0,-1,0,1,0
17 = Neutral,PERFECT,256,56,46,1,Guard,64,01000001,0,-1,0,1,0
18 = Neutral,PRSITE,256,56,52,1,Guard,64,01000001,0,-1,0,1,0
19 = Neutral,VIRUS,256,56,58,1,Guard,64,01000001,0,-1,0,1,0
20 = Neutral,PRTROOP,256,47,54,1,Guard,64,01000001,0,-1,0,1,0
21 = Neutral,CHRCOM,256,47,50,1,Guard,64,01000001,0,-1,0,1,0
22 = Neutral,RIDER,256,47,60,0,Guard,64,01000001,0,-1,0,1,0
23 = Neutral,CHTROOP,256,55,56,0,Guard,64,01000001,0,-1,0,1,0
24 = Neutral,HCONS,256,51,56,1,Guard,64,01000001,0,-1,0,1,0
25 = Neutral,HWANIN,256,47,56,1,Guard,64,01000001,0,-1,0,1,0
26 = Neutral,SIBATER,256,47,52,1,Guard,64,01000001,0,-1,0,1,0
27 = Neutral,RCONS,256,51,48,1,Guard,64,01000001,0,-1,0,1,0
28 = Neutral,TCONS,256,51,50,1,Guard,64,01000001,0,-1,0,1,0
29 = Neutral,CYBORG,256,55,54,1,Guard,64,01000001,0,-1,0,1,0
30 = Neutral,KASAD,256,55,52,0,Guard,64,01000001,0,-1,0,1,0
31 = Neutral,SPETZ,256,51,52,1,Guard,64,01000001,0,-1,0,1,0
32 = Neutral,EMPGRENEDER,256,47,48,0,Guard,64,01000001,0,-1,0,1,0
33 = Neutral,RIDER,256,48,60,2,Guard,64,01000001,0,-1,0,1,0
34 = Neutral,KELL,256,52,54,1,Guard,64,01000001,0,-1,0,1,0
35 = Neutral,HIJAKER,256,51,60,1,Guard,64,01000001,0,-1,0,1,0
36 = Neutral,HIJAKER,256,52,60,1,Guard,64,01000001,0,-1,0,1,0
37 = Neutral,OBL,256,56,60,0,Guard,64,01000001,0,-1,0,1,0
38 = Neutral,OBL,256,55,60,2,Guard,64,01000001,0,-1,0,1,0

[IsoMapPack5]
1 = 1AsAIAUyAAEA7QEAAEAAAzEAAgDtAUMBAAAyKCkAMygrADAAA+EEMSgpADIoKQAzKCkANC
2 = grAC8ABPkGMCgpADEoKQAyKCkAMygpADQoKQA1KCsALgAF8QkvKCkAMCgpADEoKQAyKCkA
3 = MygpADQoKQA1KCkANigrAC0ABukMLigpAC8oKQAwKCkAMSgpADIoKQAzKCkANCgpADUoKQ
4 = A2KCkANygrACwAB+EPLSgpAC4oKQAvKCkAMCgpADEoKQAyKCkAMygpADQoKQA1KCkANigp
5 = ADcoKQA4KCsAKwAI+REsKCkALSgpAC4oKQAvKCkAMCgpADEoKQAyKCkAMygpADQoKQA1KC
6 = kANigpADcoKQA4KCkAOSgrACoACfEUKygpACwoKQAtKCkALigpAC8oKQAwKCkAMSgpADIo
7 = KQAzKCkANCgpADUoKQA2KCkANygpADgoKQA5KCkAOigrACkACukXKigpACsoKQAsKCkALS
8 = gpAC4oKQAvKCkAMCgpADEoKQAyKCkAMygpADQoKQA1KCkANigpADcoKQA4KCkAOSgpADoo
9 = KQA7KCsAKAAL4RopKCkAKigpACsoKQAsKCkALSgpAC4oKQAvKCkAMCgpADEoKQAyKCkAMy
10 = gpADQoKQA1KCkANigpADcoKQA4KCkAOSgpADooKQA7KCkAPCgrACcADPkcKCgpACkoKQAq
11 = KCkAKygpACwoKQAtKCkALigpAC8oKQAwKCkAMSgpADIoKQAzKCkANCgpADUoKQA2KCkANy
12 = gpADgoKQA5KCkAOigpADsoKQA8KCkAPSgrACYADfEfJygpACgoKQApKCkAKigpACsoKQAs
13 = KCkALSgpAC4oKQAvKCkAMCgpADEoKQAyKCkAMygpADQoKQA1KCkANigpADcoKQA4KCkAOS
14 = gpADooKQA7KCkAPCgpAD0oKQA+KCsAJQAO6SImKCkAJygpACgoKQApKCkAKigpACsoKQAs
15 = KCkALSgpAC4oKQAvKCkAMCgpADEoKQAyKCkAMygpADQoKQA1KCkANigpADcoKQA4KCkAOS
16 = gpADooKQA7KCkAPCgpAD0oKQA+KCkAPygrACQAD+ElJSgpACYoKQAnKCkAKCgpACkoKQAq
17 = KCkAKygpACwoKQAtKCkALigpAC8oKQAwKCkAMSgpADIoKQAzKCkANCgpADUoKQA2KCkANy
18 = gpADgoKQA5KCkAOigpADsoKQA8KCkAPSgpAD4oKQA/KCkAQCgrACMAEPknJCgpACUoKQAm
19 = KCkAJygpACgoKQApKCkAKigpACsoKQAsKCkALSgpAC4oKQAvKCkAMCgpADEoKQAyKCkAMy
20 = gpADQoKQA1KCkANigpADcoKQA4KCkAOSgpADooKQA7KCkAPCgpAD0oKQA+KCkAPygpAEAo
21 = KQBBKCsAIgAR8SojKCkAJCgpACUoKQAmKCkAJygpACgoKQApKCkAKigpACsoKQAsKCkALS
22 = gpAC4oKQAvKCkAMCgpADEoKQAyKCkAMygpADQoKQA1KCkANigpADcoKQA4KCkAOSgpADoo
23 = KQA7KCkAPCgpAD0oKQA+KCkAPygpAEAoKQBBKCkAQigrACEAEuktIigpACMoKQAkKCkAJS
24 = gpACYoKQAnKCkAKCgpACkoKQAqKCkAKygpACwoKQAtKCkALigpAC8oKQAwKCkAMSgpADIo
25 = KQAzKCkANCgpADUoKQA2KCkANygpADgoKQA5KCkAOigpADsoKQA8KCkAPSgpAD4oKQA/KC
26 = kAQCgpAEEoKQBCKCkAQygrACAAE+EwISgpACIoKQAjKCkAJCgpACUoKQAmKCkAJygpACgo
27 = KQApKCkAKigpACsoKQAsKCkALSgpAC4oKQAvKCkAMCgpADEoKQAyKCkAMygpADQoKQA1KC
28 = kANigpADcoKQA4KCkAOSgpADooKQA7KCkAPCgpAD0oKQA+KCkAPygpAEAoKQBBKCkAQigp
29 = AEMoKQBEKCsAHwAU+TIgKCkAISgpACIoKQAjKCkAJCgpACUoKQAmKCkAJygpACgoKQApKC
30 = kAKigpACsoKQAsKCkALSgpAC4oKQAvKCkAMCgpADEoKQAyKCkAMygpADQoKQA1KCkANigp
31 = ADcoKQA4KCkAOSgpADooKQA7KCkAPCgpAD0oKQA+KCkAPygpAEAoKQBBKCkAQigpAEMoKQ
32 = BEKCkARSgrAB4AFfE1HygpACAoKQAhKCkAIigpACMoKQAkKCkAJSgpACYoKQAnKCkAKCgp
33 = ACkoKQAqKCkAKygpACwoKQAtKCkALigpAC8oKQAwKCkAMSgpADIoKQAzKCkANCgpADUoKQ
34 = A2KCkANygpADgoKQA5KCkAOigpADsoKQA8KCkAPSgpAD4oKQA/KCkAQCgpAEEoKQBCKCkA
35 = QygpAEQoKQBFKCkARigrAB0AFuk4HigpAB8oKQAgKCkAISgpACIoKQAjKCkAJCgpACUoKQ
36 = AmKCkAJygpACgoKQApKCkAKigpACsoKQAsKCkALSgpAC4oKQAvKCkAMCgpADEoKQAyKCkA
37 = MygpADQoKQA1KCkANigpADcoKQA4KCkAOSgpADooKQA7KCkAPCgpAD0oKQA+KCkAPygpAE
38 = AoKQBBKCkAQigpAEMoKQBEKCkARSgpAEYoKQBHKCsAHAAX4TsdKCkAHigpAB8oKQAgKCkA
39 = ISgpACIoKQAjKCkAJCgpACUoKQAmKCkAJygpACgoKQApKCkAKigpACsoKQAsKCkALSgpAC
40 = 4oKQAvKCkAMCgpADEoKQAyKCkAMygpADQoKQA1KCkANigpADcoKQA4KCkAOSgpADooKQA7
41 = KCkAPCgpAD0oKQA+KCkAPygpAEAoKQBBKCkAQigpAEMoKQBEKCkARSgpAEYoKQBHKCkASC
42 = grABsAGPk9HCgpAB0oKQAeKCkAHygpACAoKQAhKCkAIigpACMoKQAkKCkAJSgpACYoKQAn
43 = KCkAKCgpACkoKQAqKCkAKygpACwoKQAtKCkALigpAC8oKQAwKCkAMSgpADIoKQAzKCkANC
44 = gpADUoKQA2KCkANygpADgoKQA5KCkAOigpADsoKQA8KCkAPSgpAD4oKQA/KCkAQCgpAEEo
45 = KQBCKCkAQygpAEQoKQBFKCkARigpAEcoKQBIKCkASSgrABoAGfFAGygpABwoKQAdKCkAHi
46 = gpAB8oKQAgKCkAISgpACIoKQAjKCkAJCgpACUoKQAmKCkAJygpACgoKQApKCkAKigpACso
47 = KQAsKCkALSgpAC4oKQAvKCkAMCgpADEoKQAyKCkAMygpADQoKQA1KCkANigpADcoKQA4KC
48 = kAOSgpADooKQA7KCkAPCgpAD0oKQA+KCkAPygpAEAoKQBBKCkAQigpAEMoKQBEKCkARSgp
49 = AEYoKQBHKCkASCgpAEkoKQBKKCsAGQAa6UMaKCkAGygpABwoKQAdKCkAHigpAB8oKQAgKC
50 = kAISgpACIoKQAjKCkAJCgpACUoKQAmKCkAJygpACgoKQApKCkAKigpACsoKQAsKCkALSgp
51 = AC4oKQAvKCkAMCgpADEoKQAyKCkAMygpADQoKQA1KCkANigpADcoKQA4KCkAOSgpADooKQ
52 = A7KCkAPCgpAD0oKQA+KCkAPygpAEAoKQBBKCkAQigpAEMoKQBEKCkARSgpAEYoKQBHKCkA
53 = SCgpAEkoKQBKKCkASygrABgAG+FGGSgpABooKQAbKCkAHCgpAB0oKQAeKCkAHygpACAoKQ
54 = AhKCkAIigpACMoKQAkKCkAJSgpACYoKQAnKCkAKCgpACkoKQAqKCkAKygpACwoKQAtKCkA
55 = LigpAC8oKQAwKCkAMSgpADIoKQAzKCkANCgpADUoKQA2KCkANygpADgoKQA5KCkAOigpAD
56 = soKQA8KCkAPSgpAD4oKQA/KCkAQCgpAEEoKQBCKCkAQygpAEQoKQBFKCkARigpAEcoKQBI
57 = KCkASSgpAEooKQBLKCkATCgrABcAHPlIGCgpABkoKQAaKCkAGygpABwoKQAdKCkAHigpAB
58 = 8oKQAgKCkAISgpACIoKQAjKCkAJCgpACUoKAAFJgAcAO0BAAARAADBCwAgBgAAACcAHADt
59 = AUABAwAAKAAcAMkBKSgpACooKQArKCkALCgpAC0oKQAuKCkALygpADAoKQAxKCkAMigpAD
60 = MoKQA0KCkANSgpADYoKQA3KCkAOCgpADkoKQA6KCkAOygpADwoKQA9KCkAPigpAD8oKQBA
61 = KCkAQSgpAEIoKQBDKCkARCgpAEUoKQBGKCkARygpAEgoKQBJKCkASigpAEsoKQBMKCkATS
62 = grABYAHeU0FygpABgoKQAZKCkAGigpABsoKQAcKCkAHSgpAB4oKQAfKCkAICgpACEoKQAi
63 = KCkAIygpACQoKQAlKCkAJigpACcoKQAoKCkAKSgpACooKQArKCkALCgpAC0oKQAuKCkALy
64 = gpADAoKQAxKCkAMigpADMoKQA0KCkANSgpADYoKQA3KCkAOCgpADkoKQA6KCkAOygpADwo
65 = KQA9KCkAPigpAD8oKQBAKCkAQSgpAEIoKQBDKCkARCgpAEUoKQBGKCkARygpAEgoKQBJKC
66 = kASigpAEsoKQBMKCkATSgpAE4oKwAVAB7pThYoKQAXKCkAGCgpABkoKQAaKCkAGygpABwo
67 = KQAdKCkAHigpAB8oKQAgKCkAISgpACIoKQAjKCkAJCgpACUoKQAmKCkAJygpACgoKQApKC
68 = kAKigpACsoKQAsKCkALSgpAC4oKQAvKCkAMCgpADEoKQAyKCkAMygpADQoKQA1KCkANigp
69 = ADcoKQA4KCkAOSgpADooKQA7KCkAPCgpAD0oKQA+KCkAPygpAEAoKQBBKCkAQigpAEMoKQ
70 = BEKCkARSgpAEYoKQBHKCkASCgpAEkoKQBKKCkASygpAEwoKQBNKCkATigpAE8oKwAUAB/h
71 = URUoKQAWKCkAFygpABgoKQAZKCkAGigpABsoKQAcKCkAHSgpAB4oKQAfKCkAICgpACEoKQ
72 = AiKCkAIygpACQoKQAlKCkAJigpACcoKQAoKCkAKSgpACooKQArKCkALCgpAC0oKQAuKCkA
73 = LygpADAoKQAxKCkAMigpADMoKQA0KCkANSgpADYoKQA3KCkAOCgpADkoKQA6KCkAOygpAD
74 = woKQA9KCkAPigpAD8oKQBAKCkAQSgpAEIoKQBDKCkARCgpAEUoKQBGKCkARygpAEgoKQBJ
75 = KCkASigpAEsoKQBMKCkATSgpAE4oKQBPKCkAUCgrABMAIPlTFCgpABUoKQAWKCkAFygpAB
76 = goKQAZKCkAGigpABsoKQAcKCkAHSgpAB4oKQAfKCkAICgpACEoKQAiKCkAIygpACQoKQAl
77 = KCkAJigpACcoKQAoKCkAKSgpACooKQArKCkALCgpAC0oKQAuKCkALygpADAoKQAxKCkAMi
78 = gpADMoKQA0KCkANSgpADYoKQA3KCkAOCgpADkoKQA6KCkAOygpADwoKQA9KCkAPigpAD8o
79 = KQBAKCkAQSgpAEIoKQBDKCkARCgpAEUoKQBGKCkARygpAEgoKQBJKCkASigpAEsoKQBMKC
80 = kATSgpAE4oKQBPKCkAUCgpAFEoKwASACHxVhMoKQAUKCkAFSgpABYoKQAXKCkAGCgpABko
81 = KQAaKCkAGygpABwoKQAdKCkAHigpAB8oKQAgKCkAISgpACIoKQAjKCkAJCgpACUoKQAmKC
82 = kAJygpACgoKQApKCkAKigpACsoKQAsKCkALSgpAC4oKQAvKCkAMCgpADEoKQAyKCkAMygp
83 = ADQoKQA1KCkANigpADcoKQA4KCkAOSgpADooKQA7KCkAPCgpAD0oKQA+KCkAPygpAEAoKQ
84 = BBKCkAQigpAEMoKQBEKCkARSgpAEYoKQBHKCkASCgpAEkoKQBKKCkASygpAEwoKQBNKCkA
85 = TigpAE8oKQBQKCkAUSgpAFIoKwARACLpWRIoKQATKCkAFCgpABUoKQAWKCkAFygpABgoKQ
86 = AZKCkAGigpABsoKQAcKCkAHSgpAB4oKQAfKCkAICgpACEoKQAiKCkAIygpACQoKQAlKCkA
87 = JigpACcoKQAoKCkAKSgpACooKQArKCkALCgpAC0oKQAuKCkALygpADAoKQAxKCkAMigpAD
88 = MoKQA0KCkANSgpADYoKQA3KCkAOCgpADkoKQA6KCkAOygpADwoKQA9KCkAPigpAD8oKQBA
89 = KCkAQSgpAEIoKQBDKCkARCgpAEUoKQBGKCkARygpAEgoKQBJKCkASigpAEsoKQBMKCkATS
90 = gpAE4oKQBPKCkAUCgpAFEoKQBSKCkAUygrABAAI+FcESgpABIoKQATKCkAFCgpABUoKQAW
91 = KCkAFygpABgoKQAZKCkAGigpABsoKQAcKCkAHSgpAB4oKQAfKCkAICgpACEoKQAiKCkAIy
92 = gpACQoKQAlKCkAJigpACcoKQAoKCkAKSgpACooKQArKCkALCgpAC0oKQAuKCkALygpADAo
93 = KQAxKCkAMigpADMoKQA0KCkANSgpADYoKQA3KCkAOCgpADkoKQA6KCkAOygpADwoKQA9KC
94 = kAPigpAD8oKQBAKCkAQSgpAEIoKQBDKCkARCgpAEUoKQBGKCkARygpAEgoKQBJKCkASigp
95 = AEsoKQBMKCkATSgpAE4oKQBPKCkAUCgpAFEoKQBSKCkAUygpAFQoKwAPACT5XhAoKQARKC
96 = kAEigpABMoKQAUKCkAFSgpABYoKQAXKCkAGCgpABkoKQAaKCkAGygpABwoKQAdKCkAHigp
97 = AB8oKQAgKCkAISgpACIoKQAjKCkAJCgpACUoKQAmKCkAJygpACgoKQApKCkAKigpACsoKQ
98 = AsKCkALSgpAC4oKQAvKCkAMCgpADEoKQAyKCkAMygpADQoKQA1KCkANigpADcoKQA4KCkA
99 = OSgpADooKQA7KCkAPCgpAD0oKQA+KCkAPygpAEAoKQBBKCkAQigpAEMoKQBEKCkARSgpAE
100 = YoKQBHKCkASCgpAEkoKQBKKCkASygpAEwoKQBNKCkATigpAE8oKQBQKCkAUSgpAFIoKQBT
101 = KCkAVCgpAFUoKwAOACXxYQ8oKQAQKCkAESgpABIoKQATKCkAFCgpABUoKQAWKCkAFygpAB
102 = goKQAZKCkAGigpABsoKQAcKCkAHSgpAB4oKQAfKCkAICgpACEoKQAiKCkAIygpACQoKQAl
103 = KCkAJigpACcoKQAoKCkAKSgpACooKQArKCkALCgpAC0oKQAuKCkALygpADAoKQAxKCkAMi
104 = gpADMoKQA0KCkANSgpADYoKQA3KCkAOCgpADkoKQA6KCkAOygpADwoKQA9KCkAPigpAD8o
105 = KQBAKCkAQSgpAEIoKQBDKCkARCgpAEUoKQBGKCkARygpAEgoKQBJKCkASigpAEsoKQBMKC
106 = kATSgpAE4oKQBPKCkAUCgpAFEoKQBSKCkAUygpAFQoKQBVKCkAVigrAA0AJulkDigpAA8o
107 = KQAQKCkAESgpABIoKQATKCkAFCgpABUoKQAWKCkAFygpABgoKQAZKCkAGigpABsoKQAcKC
108 = kAHSgpAB4oKQAfKCkAICgpACEoKQAiKCkAIygpACQoKQAlKCkAJigpACcoKQAoKCkAKSgp
109 = ACooKQArKCkALCgpAC0oKQAuKCkALygpADAoKQAxKCkAMigpADMoKQA0KCkANSgpADYoKQ
110 = A3KCkAOCgpADkoKQA6KCkAOygpADwoKQA9KCkAPigpAD8oKQBAKCkAQSgpAEIoKQBDKCkA
111 = RCgpAEUoKQBGKCkARygpAEgoKQBJKCkASigpAEsoKQBMKCkATSgpAE4oKQBPKCkAUCgpAF
112 = EoKQBSKCkAUygpAFQoKQBVKCkAVigpAFcoKwAMACfhZw0oKQAOKCkADygpABAoKQARKCkA
113 = EigpABMoKQAUKCkAFSgpABYoKQAXKCkAGCgpABkoKQAaKCkAGygpABwoKQAdKCkAHigpAB
114 = 8oKQAgKCkAISgpACIoKQAjKCkAJCgpACUoKQAmKCkAJygpACgoKQApKCkAKigpACsoKQAs
115 = KCkALSgpAC4oKQAvKCkAMCgpADEoKQAyKCkAMygpADQoKQA1KCkANigpADcoKQA4KCgAAj
116 = kAJwDtEQAAwQsAIAgBAAAAAAA6ACcA7aoBOwAnKQA8KCkAPSgpAD4oKQA/KCkAQCgpAEEo
117 = KQBCKCkAQygpAEQoKQBFKCkARigpAEcoKQBIKCkASSgpAEooKQBLKCkATCgpAE0oKQBOKC
118 = kATygpAFAoKQBRKCkAUigpAFMoKQBUKCkAVSgpAFYoKQBXKCkAWCgrAAsAKPEqDCgpAA0o
119 = KQAOKCkADygpABAoKQARKCkAEigpABMoKQAUKCkAFSgpABYoKQAXKCkAGCgpABkoKQAaKC
120 = kAGygpABwoKQAdKCkAHigpAB8oKQAgKCkAISgpACIoKQAjKCkAJCgpACUoKQAmKCkAJygp
121 = ACgoKQApKCkAKigpACsoKQAsKCkALSgpAC4oKQAvKCkAMCgpADEoKQAyKCkAMygpADQoKQ
122 = A1KCkANigpADcoKQA4KCkAOSgpADooKQA7KCkAPCgpAD0oKQA+KCkAPygpAEAoKQBBKCkA
123 = QigpAEMoKQBEKCkARSgpAEYoKQBHKCkASCgpAEkoKQBKKCkASygpAEwoKQBNKCkATigpAE
124 = 8oKQBQKCkAUSgpAFIoKQBTKCkAVCgpAFUoKQBWKCkAVygpAFgoKQBZKCsACgAp8WwLKCkA
125 = DCgpAA0oKQAOKCkADygpABAoKQARKCkAEigpABMoKQAUKCkAFSgpABYoKQAXKCkAGCgpAB
126 = koKQAaKCkAGygpABwoKQAdKCkAHigpAB8oKQAgKCkAISgpACIoKQAjKCkAJCgpACUoKQAm
127 = KCkAJygpACgoKQApKCkAKigpACsoKQAsKCkALSgpAC4oKQAvKCkAMCgpADEoKQAyKCkAMy
128 = gpADQoKQA1KCkANigpADcoKQA4KCkAOSgpADooKQA7KCkAPCgpAD0oKQA+KCkAPygpAEAo
129 = KQBBKCkAQigpAEMoKQBEKCkARSgpAEYoKQBHKCkASCgpAEkoKQBKKCkASygpAEwoKQBNKC
130 = kATigpAE8oKQBQKCkAUSgpAFIoKQBTKCkAVCgpAFUoKQBWKCkAVygpAFgoKQBZKCkAWigr
131 = AAkAKulvCigpAAsoKQAMKCkADSgpAA4oKQAPKCkAECgpABEoKQASKCkAEygpABQoKQAVKC
132 = kAFigpABcoKQAYKCkAGSgpABooKQAbKCkAHCgpAB0oKQAeKCkAHygpACAoKQAhKCkAIigp
133 = ACMoKQAkKCkAJSgpACYoKQAnKCkAKCgpACkoKQAqKCkAKygpACwoKQAtKCkALigpAC8oKQ
134 = AwKCkAMSgpADIoKQAzKCkANCgpADUoKQA2KCkANygpADgoKQA5KCkAOigpADsoKQA8KCkA
135 = PSgpAD4oKQA/KCkAQCgpAEEoKQBCKCkAQygpAEQoKQBFKCkARigpAEcoKQBIKCkASSgpAE
136 = ooKQBLKCkATCgpAE0oKQBOKCkATygpAFAoKQBRKCkAUigpAFMoKQBUKCkAVSgpAFYoKQBX
137 = KCkAWCgpAFkoKQBaKCkAWygrAAgAK+FyCSgpAAooKQALKCkADCgpAA0oKQAOKCkADygpAB
138 = AoKQARKCkAEigpABMoKQAUKCkAFSgpABYoKQAXKCkAGCgpABkoKQAaKCkAGygpABwoKQAd
139 = KCkAHigpAB8oKQAgKCkAISgpACIoKQAjKCkAJCgpACUoKQAmKCkAJygpACgoKQApKCkAKi
140 = gpACsoKQAsKCkALSgpAC4oKQAvKCkAMCgpADEoKQAyKCkAMygpADQoKQA1KCkANigpADco
141 = KQA4KCkAOSgpADooKQA7KCkAPCgpAD0oKQA+KCkAPygpAEAoKQBBKCkAQigpAEMoKQBEKC
142 = kARSgpAEYoKQBHKCkASCgpAEkoKQBKKCkASygpAEwoKQBNKCkATigpAE8oKQBQKCkAUSgp
143 = AFIoKQBTKCkAVCgpAFUoKQBWKCkAVygpAFgoKQBZKCkAWigpAFsoKQBcKCsABwAs+XQIKC
144 = kACSgpAAooKQALKCkADCgpAA0oKQAOKCkADygpABAoKQARKCkAEigpABMoKQAUKCkAFSgp
145 = ABYoKQAXKCkAGCgpABkoKQAaKCkAGygpABwoKQAdKCkAHigpAB8oKQAgKCkAISgpACIoKQ
146 = AjKCkAJCgpACUoKQAmKCkAJygpACgoKQApKCkAKigpACsoKQAsKCkALSgpAC4oKQAvKCkA
147 = MCgpADEoKQAyKCkAMygpADQoKQA1KCkANigpADcoKQA4KCkAOSgpADooKQA7KCkAPCgpAD
148 = 0oKQA+KCkAPygpAEAoKQBBKCkAQigpAEMoKQBEKCkARSgpAEYoKQBHKCkASCgpAEkoKQBK
149 = KCkASygpAEwoKQBNKCkATigpAE8oKQBQKCkAUSgpAFIoKQBTKCkAVCgpAFUoKQBWKCkAVy
150 = gpAFgoKQBZKCkAWigpAFsoKQBcKCkAXSgrAAYALfF3BygpAAgoKQAJKCkACigpAAsoKQAM
151 = KCkADSgpAA4oKQAPKCkAECgpABEoKQASKCkAEygpABQoKQAVKCkAFigpABcoKQAYKCkAGS
152 = gpABooKQAbKCkAHCgpAB0oKQAeKCkAHygpACAoKQAhKCkAIigpACMoKQAkKCkAJSgpACYo
153 = KQAnKCkAKCgpACkoKQAqKCkAKygpACwoKQAtKCkALigpAC8oKQAwKCkAMSgpADIoKQAzKC
154 = kANCgpADUoKQA2KCkANygpADgoKQA5KCkAOigpADsoKQA8KCkAPSgpAD4oKQA/KCkAQCgp
155 = AEEoKQBCKCkAQygpAEQoKQBFKCkARigpAEcoKQBIKCkASSgpAEooKQBLKCkATCgpAE0oKQ
156 = BOKCkATygpAFAoKQBRKCkAUigpAFMoKQBUKCkAVSgpAFYoKQBXKCkAWCgpAFkoKQBaKCkA
157 = WygpAFwoKQBdKCkAXigrAAUALul6BigpAAcoKQAIKCkACSgpAAooKQALKCkADCgpAA0oKQ
158 = AOKCkADygpABAoKQARKCkAEigpABMoKQAUKCkAFSgpABYoKQAXKCkAGCgpABkoKQAaKCkA
159 = GygpABwoKQAdKCkAHigpAB8oKQAgKCkAISgpACIoKQAjKCkAJCgpACUoKQAmKCkAJygpAC
160 = goKQApKCkAKigpACsoKQAsKCkALSgpAC4oKQAvKCkAMCgpADEoKQAyKCkAMygpADQoKQA1
161 = KCkANigpADcoKQA4KCkAOSgpADooKQA7KCkAPCgpAD0oKQA+KCkAPygpAEAoKQBBKCkAQi
162 = gpAEMoKQBEKCkARSgpAEYoKQBHKCkASCgpAEkoKQBKKCkASygpAEwoKQBNKCkATigpAE8o
163 = KQBQKCkAUSgpAFIoKQBTKCkAVCgpAFUoKQBWKCkAVygpAFgoKQBZKCkAWigpAFsoKQBcKC
164 = kAXSgpAF4oKQBfKCsABAAv4X0FKCkABigpAAcoKQAIKCkACSgpAAooKQALKCkADCgpAA0o
165 = KQAOKCkADygpABAoKQARKCkAEigpABMoKQAUKCkAFSgpABYoKQAXKCkAGCgpABkoKQAaKC
166 = kAGygpABwoKQAdKCkAHigpAB8oKQAgKCkAISgpACIoKQAjKCkAJCgpACUoKQAmKCkAJygp
167 = ACgoKQApKCkAKigpACsoKQAsKCkALSgpAC4oKQAvKCkAMCgpADEoKQAyKCkAMygpADQoKQ
168 = A1KCkANigpADcoKQA4KCkAOSgpADooKQA7KCkAPCgpAD0oKQA+KCkAPygpAEAoKQBBKCkA
169 = QigpAEMoKQBEKCkARSgpAEYoKQBHKCkASCgpAEkoKQBKKCkASygpAEwoKQBNKCkATigpAE
170 = 8oKQBQKCkAUSgpAFIoKQBTKCkAVCgpAFUoKQBWKCkAVygpAFgoKQBZKCkAWigpAFsoKQBc
171 = KCkAXSgpAF4oKQBfKCkAYCgrAAMAMPl/BCgpAAUoKQAGKCkABygpAAgoKQAJKCkACigpAA
172 = soKQAMKCkADSgpAA4oKQAPKCkAECgpABEoKQASKCkAEygpABQoKQAVKCkAFigpABcoKQAY
173 = KCkAGSgpABooKAAKGwAwAO0BAAAAAAAcABEAALwLACADMADtAQAAQgAdACcpAB4oKQAfKC
174 = kAICgpACEoKQAiKCkAIygpACQoKQAlKCkAJigpACcoKQAoKCkAKSgpACooKQArKCkALCgp
175 = AC0oKQAuKCkALygpADAoKQAxKCkAMigpADMoKQA0KCkANSgpADYoKQA3KCkAOCgpADkoKQ
176 = A6KCkAOygpADwoKQA9KCkAPigpAD8oKQBAKCkAQSgpAEIoKQBDKCkARCgpAEUoKQBGKCkA
177 = RygpAEgoKQBJKCkASigpAEsoKQBMKCkATSgpAE4oKQBPKCkAUCgpAFEoKQBSKCkAUygpAF
178 = QoKQBVKCkAVigpAFcoKQBYKCkAWSgpAFooKQBbKCkAXCgpAF0oKQBeKCkAXygpAGAoKQBh
179 = KCsAAgAx5WADKCkABCgpAAUoKQAGKCkABygpAAgoKQAJKCkACigpAAsoKQAMKCkADSgpAA
180 = 4oKQAPKCkAECgpABEoKQASKCkAEygpABQoKQAVKCkAFigpABcoKQAYKCkAGSgpABooKQAb
181 = KCkAHCgpAB0oKQAeKCkAHygpACAoKQAhKCkAIigpACMoKQAkKCkAJSgpACYoKQAnKCkAKC
182 = gpACkoKQAqKCkAKygpACwoKQAtKCkALigpAC8oKQAwKCkAMSgpADIoKQAzKCkANCgpADUo
183 = KQA2KCkANygpADgoKQA5KCkAOigpADsoKQA8KCkAPSgpAD4oKQA/KCkAQCgpAEEoKQBCKC
184 = kAQygpAEQoKQBFKCkARigpAEcoKQBIKCkASSgpAEooKQBLKCkATCgpAE0oKQBOKCkATygp
185 = AFAoKQBRKCkAUigpAFMoKQBUKCkAVSgpAFYoKQBXKCkAWCgpAFkoKQBaKCkAWygpAFwoKQ
186 = BdKCkAXigpAF8oKQBgKCkAYSgpAGIoKwABADLphQIoKQADKCkABCgpAAUoKQAGKCkABygp
187 = AAgoKQAJKCkACigpAAsoKQAMKCkADSgpAA4oKQAPKCkAECgpABEoKQASKCkAEygpABQoKQ
188 = AVKCkAFigpABcoKQAYKCkAGSgpABooKQAbKCkAHCgpAB0oKQAeKCkAHygpACAoKQAhKCkA
189 = IigpACMoKQAkKCkAJSgpACYoKQAnKCkAKCgpACkoKQAqKCkAKygpACwoKQAtKCkALigpAC
190 = 8oKQAwKCkAMSgpADIoKQAzKCkANCgpADUoKQA2KCkANygpADgoKQA5KCkAOigpADsoKQA8
191 = KCkAPSgpAD4oKQA/KCkAQCgpAEEoKQBCKCkAQygpAEQoKQBFKCkARigpAEcoKQBIKCkASS
192 = gpAEooKQBLKCkATCgpAE0oKQBOKCkATygpAFAoKQBRKCkAUigpAFMoKQBUKCkAVSgpAFYo
193 = KQBXKCkAWCgpAFkoKQBaKCkAWygpAFwoKQBdKCkAXigpAF8oKQBgKCkAYSgpAGIoKQBjKC
194 = sAAgAz4YgDKCkABCgpAAUoKQAGKCkABygpAAgoKQAJKCkACigpAAsoKQAMKCkADSgpAA4o
195 = KQAPKCkAECgpABEoKQASKCkAEygpABQoKQAVKCkAFigpABcoKQAYKCkAGSgpABooKQAbKC
196 = kAHCgpAB0oKQAeKCkAHygpACAoKQAhKCkAIigpACMoKQAkKCkAJSgpACYoKQAnKCkAKCgp
197 = ACkoKQAqKCkAKygpACwoKQAtKCkALigpAC8oKQAwKCkAMSgpADIoKQAzKCkANCgpADUoKQ
198 = A2KCkANygpADgoKQA5KCkAOigpADsoKQA8KCkAPSgpAD4oKQA/KCkAQCgpAEEoKQBCKCkA
199 = QygpAEQoKQBFKCkARigpAEcoKQBIKCkASSgpAEooKQBLKCkATCgpAE0oKQBOKCkATygpAF
200 = AoKQBRKCkAUigpAFMoKQBUKCkAVSgpAFYoKQBXKCkAWCgpAFkoKQBaKCkAWygpAFwoKQBd
201 = KCkAXigpAF8oKQBgKCkAYSgpAGIoKQBjKCsAAwA09YYEKCkABSgpAAYoKQAHKCkACCgpAA
202 = koKQAKKCkACygpAAwoKQANKCkADigpAA8oKQAQKCkAESgpABIoKQATKCkAFCgpABUoKQAW
203 = KCkAFygpABgoKQAZKCkAGigpABsoKQAcKCkAHSgpAB4oKQAfKCkAICgpACEoKQAiKCkAIy
204 = gpACQoKQAlKCkAJigpACcoKQAoKCkAKSgpACooKQArKCkALCgpAC0oKQAuKCkALygpADAo
205 = KQAxKCkAMigpADMoKQA0KCkANSgpADYoKQA3KCkAOCgpADkoKQA6KCkAOygpADwoKQA9KC
206 = kAPigpAD8oKQBAKCkAQSgpAEIoKQBDKCkARCgpAEUoKQBGKCkARygpAEgoKQBJKCkASigp
207 = AEsoKQBMKCkATSgpAE4oKQBPKCkAUCgpAFEoKQBSKCkAUygpAFQoKQBVKCkAVigpAFcoKQ
208 = BYKCkAWSgpAFooKQBbKCkAXCgpAF0oKQBeKCkAXygpAGAoKQBhKCkAYigrAAQANf2DBSgp
209 = AAYoKQAHKCkACCgpAAkoKQAKKCkACygpAAwoKQANKCkADigpAA8oKQAQKCkAESgpABIoKQ
210 = ATKCkAFCgpABUoKQAWKCkAFygpABgoKQAZKCkAGigpABsoKQAcKCkAHSgpAB4oKQAfKCkA
211 = ICgpACEoKQAiKCkAIygpACQoKQAlKCkAJigpACcoKQAoKCkAKSgpACooKQArKCkALCgpAC
212 = 0oKQAuKCkALygpADAoKQAxKCkAMigpADMoKQA0KCkANSgpADYoKQA3KCkAOCgpADkoKQA6
213 = KCkAOygpADwoKQA9KCkAPigpAD8oKQBAKCkAQSgpAEIoKQBDKCkARCgpAEUoKQBGKCkARy
214 = gpAEgoKQBJKCkASigpAEsoKQBMKCkATSgpAE4oKQBPKCkAUCgpAFEoKQBSKCkAUygpAFQo
215 = KQBVKCkAVigpAFcoKQBYKCkAWSgpAFooKQBbKCkAXCgpAF0oKQBeKCkAXygpAGAoKQBhKC
216 = sABQA25YEGKCkABygpAAgoKQAJKCkACigpAAsoKQAMKCkADSgpAA4oKQAPKCkAECgpABEo
217 = KQASKCkAEygpABQoKQAVKCkAFigpABcoKQAYKCkAGSgpABooKQAbKCkAHCgpAB0oKQAeKC
218 = kAHygpACAoKQAhKCkAIigpACMoKQAkKCkAJSgpACYoKQAnKCkAKCgpACkoKQAqKCkAKygp
219 = ACwoKQAtKCkALigpAC8oKQAwKCkAMSgpADIoKQAzKCkANCgpADUoKQA2KCkANygpADgoKQ
220 = A5KCkAOigpADsoKQA8KCkAPSgpAD4oKQA/KCkAQCgpAEEoKQBCKCkAQygpAEQoKQBFKCkA
221 = RigpAEcoKQBIKCkASSgpAEooKQBLKCkATCgpAE0oKQBOKCkATygpAFAoKQBRKCkAUigpAF
222 = MoKQBUKCkAVSgpAFYoKQBXKCkAWCgpAFkoKQBaKCkAWygpAFwoKQBdKCkAXigpAF8oKQBg
223 = KCsABgA37X4HKCkACCgpAAkoKQAKKCkACygpAAwoKQANKCkADigpAA8oKQAQKCkAESgpAB
224 = IoKQATKCkAFCgpABUoKQAWKCkAFygpABgoKQAZKCkAGigpABsoKQAcKCkAHSgpAB4oKQAf
225 = KCkAICgpACEoKQAiKCkAIygpACQoKQAlKCkAJigpACcoKQAoKCkAKSgpACooKQArKCkALC
226 = gpAC0oKQAuKCkALygpADAoKQAxKCkAMigpADMoKQA0KCkANSgpADYoKQA3KCkAOCgpADko
227 = KQA6KCkAOygpADwoKQA9KCkAPigpAD8oKQBAKCkAQSgpAEIoKQBDKCkARCgpAEUoKQBGKC
228 = kARygpAEgoKQBJKCkASigpAEsoKQBMKCkATSgpAE4oKQBPKCkAUCgpAFEoKQBSKCkAUygp
229 = AFQoKQBVKCkAVigpAFcoKQBYKCkAWSgpAFooKQBbKCkAXCgpAF0oKQBeKCkAXygrAAcAOP
230 = V7CCgpAAkoKQAKKCkACygpAAwoKQANKCkADigoAAcPADgA7QEAAAAAEQAAwgsAIAYAEAA4
231 = AO0BAABBABEoKQASKCkAEygpABQoKQAVKCkAFigpABcoKQAYKCkAGSgpABooKQAbKCkAHC
232 = gpAB0oKQAeKCkAHygpACAoKQAhKCkAIigpACMoKQAkKCkAJSgpACYoKQAnKCkAKCgpACko
233 = KQAqKCkAKygpACwoKQAtKCkALigpAC8oKQAwKCkAMSgpADIoKQAzKCkANCgpADUoKQA2KC
234 = kANygpADgoKQA5KCkAOigpADsoKQA8KCkAPSgpAD4oKQA/KCkAQCgpAEEoKQBCKCkAQygp
235 = AEQoKQBFKCkARigpAEcoKQBIKCkASSgpAEooKQBLKCkATCgpAE0oKQBOKCkATygpAFAoKQ
236 = BRKCkAUigpAFMoKQBUKCkAVSgpAFYoKQBXKCkAWCgpAFkoKQBaKCkAWygpAFwoKQBdKCkA
237 = XigoAAMIADkA7QFLbAAACSgpAAooKQALKCkADCgpAA0oKQAOKCkADygpABAoKQARKCkAEi
238 = gpABMoKQAUKCkAFSgpABYoKQAXKCkAGCgpABkoKQAaKCkAGygpABwoKQAdKCkAHigpAB8o
239 = KQAgKCkAISgpACIoKQAjKCkAJCgpACUoKQAmKCkAJygpACgoKQApKCkAKigpACsoKQAsKC
240 = kALSgpAC4oKQAvKCkAMCgpADEoKQAyKCkAMygpADQoKQA1KCkANigpADcoKQA4KCkAOSgp
241 = ADooKQA7KCkAPCgpAD0oKQA+KCkAPygpAEAoKQBBKCkAQigpAEMoKQBEKCkARSgpAEYoKQ
242 = BHKCkASCgpAEkoKQBKKCkASygpAEwoKQBNKCkATigpAE8oKQBQKCkAUSgpAFIoKQBTKCkA
243 = VCgpAFUoKQBWKCkAVygpAFgoKQBZKCkAWigpAFsoKQBcKCkAXSgrAAkAOuV2CigpAAsoKQ
244 = AMKCkADSgpAA4oKQAPKCkAECgpABEoKQASKCkAEygpABQoKQAVKCkAFigpABcoKQAYKCkA
245 = GSgpABooKQAbKCkAHCgpAB0oKQAeKCkAHygpACAoKQAhKCkAIigpACMoKQAkKCkAJSgpAC
246 = YoKQAnKCkAKCgpACkoKQAqKCkAKygpACwoKQAtKCkALigpAC8oKQAwKCkAMSgpADIoKQAz
247 = KCkANCgpADUoKQA2KCkANygpADgoKQA5KCkAOigpADsoKQA8KCkAPSgpAD4oKQA/KCkAQC
248 = gpAEEoKQBCKCkAQygpAEQoKQBFKCkARigpAEcoKQBIKCkASSgpAEooKQBLKCkATCgpAE0o
249 = KQBOKCkATygpAFAoKQBRKCkAUigpAFMoKQBUKCkAVSgpAFYoKQBXKCkAWCgpAFkoKQBaKC
250 = kAWygpAFwoKwAKADvtcwsoKQAMKCkADSgpAA4oKQAPKCkAECgpABEoKQASKCkAEygpABQo
251 = KQAVKCkAFigpABcoKQAYKCkAGSgpABooKQAbKCkAHCgpAB0oKQAeKCkAHygpACAoKQAhKC
252 = kAIigpACMoKQAkKCkAJSgpACYoKQAnKCkAKCgpACkoKQAqKCkAKygpACwoKQAtKCkALigp
253 = AC8oKQAwKCkAMSgpADIoKQAzKCkANCgpADUoKQA2KCkANygpADgoKQA5KCkAOigpADsoKQ
254 = A8KCkAPSgpAD4oKQA/KCkAQCgpAEEoKQBCKCkAQygpAEQoKQBFKCkARigpAEcoKQBIKCkA
255 = SSgpAEooKQBLKCkATCgpAE0oKQBOKCkATygpAFAoKQBRKCkAUigpAFMoKQBUKCkAVSgpAF
256 = YoKQBXKCkAWCgpAFkoKQBaKCkAWygrAAsAPPVwDCgpAA0oKQAOKCkADygpABAoKQARKCkA
257 = EigpABMoKQAUKCkAFSgpABYoKQAXKCkAGCgpABkoKQAaKCkAGygpABwoKQAdKCkAHigpAB
258 = 8oKQAgKCkAISgpACIoKQAjKCkAJCgpACUoKQAmKCkAJygpACgoKQApKCkAKigpACsoKQAs
259 = KCkALSgpAC4oKQAvKCkAMCgpADEoKQAyKCkAMygpADQoKQA1KCkANigpADcoKQA4KCkAOS
260 = gpADooKQA7KCkAPCgpAD0oKQA+KCkAPygpAEAoKQBBKCkAQigpAEMoKQBEKCkARSgpAEYo
261 = KQBHKCkASCgpAEkoKQBKKCkASygpAEwoKQBNKCkATigpAE8oKQBQKCkAUSgpAFIoKQBTKC
262 = kAVCgpAFUoKQBWKCkAVygpAFgoKQBZKCkAWigrAAwAPf1tDSgpAA4oKQAPKCkAECgpABEo
263 = KQASKCkAEygpABQoKQAVKCkAFigpABcoKQAYKCkAGSgpABooKQAbKCkAHCgpAB0oKQAeKC
264 = kAHygpACAoKQAhKCkAIigpACMoKQAkKCkAJSgpACYoKQAnKCkAKCgpACkoKQAqKCkAKygp
265 = ACwoKQAtKCkALigpAC8oKQAwKCkAMSgpADIoKQAzKCkANCgpADUoKQA2KCkANygpADgoKQ
266 = A5KCkAOigpADsoKQA8KCkAPSgpAD4oKQA/KCkAQCgpAEEoKQBCKCkAQygpAEQoKQBFKCkA
267 = RigpAEcoKQBIKCkASSgpAEooKQBLKCkATCgpAE0oKQBOKCkATygpAFAoKQBRKCkAUigpAF
268 = MoKQBUKCkAVSgpAFYoKQBXKCkAWCgpAFkoKwANAD7law4oKQAPKCkAECgpABEoKQASKCkA
269 = EygpABQoKQAVKCkAFigpABcoKQAYKCkAGSgpABooKQAbKCkAHCgpAB0oKQAeKCkAHygpAC
270 = AoKQAhKCkAIigpACMoKQAkKCkAJSgpACYoKQAnKCkAKCgpACkoKQAqKCkAKygpACwoKQAt
271 = KCkALigpAC8oKQAwKCkAMSgpADIoKQAzKCkANCgpADUoKQA2KCkANygpADgoKQA5KCkAOi
272 = gpADsoKQA8KCkAPSgpAD4oKQA/KCkAQCgpAEEoKQBCKCkAQygpAEQoKQBFKCkARigpAEco
273 = KQBIKCkASSgpAEooKQBLKCkATCgpAE0oKQBOKCkATygpAFAoKQBRKCkAUigpAFMoKQBUKC
274 = kAVSgpAFYoKQBXKCkAWCgrAA4AP+1oDygpABAoKQARKCkAEigpABMoKQAUKCkAFSgpABYo
275 = KQAXKCkAGCgpABkoKQAaKCkAGygpABwoKQAdKCkAHigpAB8oKQAgKCkAISgpACIoKQAjKC
276 = kAJCgpACUoKQAmKCkAJygpACgoKQApKCkAKigpACsoKQAsKCkALSgpAC4oKQAvKCkAMCgp
277 = ADEoKQAyKCkAMygpADQoKQA1KCkANigpADcoKQA4KCkAOSgpADooKQA7KCkAPCgpAD0oKQ
278 = A+KCkAPygpAEAoKQBBKCkAQigpAEMoKQBEKCkARSgpAEYoKQBHKCkASCgpAEkoKQBKKCkA
279 = SygpAEwoKQBNKCkATigpAE8oKQBQKCkAUSgpAFIoKQBTKCkAVCgpAFUoKQBWKCkAVygrAA
280 = 8AQPVlECgpABEoKQASKCkAEygpABQoKQAVKCkAFigpABcoKQAYKCkAGSgpABooKQAbKCkA
281 = HCgpAB0oKQAeKCkAHygpACAoKQAhKCkAIigpACMoKQAkKCkAJSgpACYoKQAnKCkAKCgpAC
282 = koKQAqKCkAKygpACwoKQAtKCkALigpAC8oKQAwKCkAMSgpADIoKQAzKCkANCgpADUoKQA2
283 = KCkANygpADgoKQA5KCkAOigpADsoKQA8KCkAPSgpAD4oKQA/KCkAQCgpAEEoKQBCKCkAQy
284 = gpAEQoKQBFKCkARigpAEcoKQBIKCkASSgpAEooKQBLKCkATCgpAE0oKQBOKCkATygpAFAo
285 = KQBRKCkAUigpAFMoKQBUKCkAVSgpAFYoKwAQAEH9YhEoKQASKCkAEygpABQoKQAVKCkAFi
286 = gpABcoKQAYKCkAGSgpABooKQAbKCkAHCgpAB0oKQAeKCkAHygpACAoKQAhKCkAIigpACMo
287 = KQAkKCkAJSgpACYoKQAnKCkAKCgpACkoKQAqKCkAKygpACwoKQAtKCkALigpAC8oKQAwKC
288 = gABDEAQQDtAQARAADDCwAgBwAAAAAyAEEA7QFAAQMAADMAQQDJATQoKQA1KCkANigpADco
289 = KQA4KCkAOSgpADooKQA7KCkAPCgpAD0oKQA+KCkAPygpAEAoKQBBKCkAQigpAEMoKQBEKC
290 = kARSgpAEYoKQBHKCkASCgpAEkoKQBKKCkASygpAEwoKQBNKCkATigpAE8oKQBQKCkAUSgp
291 = AFIoKQBTKCkAVCgpAFUoKwARAELhMBIoKQATKCkAFCgpABUoKQAWKCkAFygpABgoKQAZKC
292 = kAGigpABsoKQAcKCkAHSgpAB4oKQAfKCkAICgpACEoKQAiKCkAIygpACQoKQAlKCkAJigp
293 = ACcoKQAoKCkAKSgpACooKQArKCkALCgpAC0oKQAuKCkALygpADAoKQAxKCkAMigpADMoKQ
294 = A0KCkANSgpADYoKQA3KCkAOCgpADkoKQA6KCkAOygpADwoKQA9KCkAPigpAD8oKQBAKCkA
295 = QSgpAEIoKQBDKCkARCgpAEUoKQBGKCkARygpAEgoKQBJKCkASigpAEsoKQBMKCkATSgpAE
296 = 4oKQBPKCkAUCgpAFEoKQBSKCkAUygpAFQoKwASAEPtXRMoKQAUKCkAFSgpABYoKQAXKCkA
297 = GCgpABkoKQAaKCkAGygpABwoKQAdKCkAHigpAB8oKQAgKCkAISgpACIoKQAjKCkAJCgpAC
298 = UoKQAmKCkAJygpACgoKQApKCkAKigpACsoKQAsKCkALSgpAC4oKQAvKCkAMCgpADEoKQAy
299 = KCkAMygpADQoKQA1KCkANigpADcoKQA4KCkAOSgpADooKQA7KCkAPCgpAD0oKQA+KCkAPy
300 = gpAEAoKQBBKCkAQigpAEMoKQBEKCkARSgpAEYoKQBHKCkASCgpAEkoKQBKKCkASygpAEwo
301 = KQBNKCkATigpAE8oKQBQKCkAUSgpAFIoKQBTKCsAEwBE9VoUKCkAFSgpABYoKQAXKCkAGC
302 = gpABkoKQAaKCkAGygpABwoKQAdKCkAHigpAB8oKQAgKCkAISgpACIoKQAjKCkAJCgpACUo
303 = KQAmKCkAJygpACgoKQApKCkAKigpACsoKQAsKCkALSgpAC4oKQAvKCkAMCgpADEoKQAyKC
304 = kAMygpADQoKQA1KCkANigpADcoKQA4KCkAOSgpADooKQA7KCkAPCgpAD0oKQA+KCkAPygp
305 = AEAoKQBBKCkAQigpAEMoKQBEKCkARSgpAEYoKQBHKCkASCgpAEkoKQBKKCkASygpAEwoKQ
306 = BNKCkATigpAE8oKQBQKCkAUSgpAFIoKwAUAEX9VxUoKQAWKCkAFygpABgoKQAZKCkAGigp
307 = ABsoKQAcKCkAHSgpAB4oKQAfKCkAICgpACEoKQAiKCkAIygpACQoKQAlKCkAJigpACcoKQ
308 = AoKCkAKSgpACooKQArKCkALCgpAC0oKQAuKCkALygpADAoKQAxKCkAMigpADMoKQA0KCkA
309 = NSgpADYoKQA3KCkAOCgpADkoKQA6KCkAOygpADwoKQA9KCkAPigpAD8oKQBAKCkAQSgpAE
310 = IoKQBDKCkARCgpAEUoKQBGKCkARygpAEgoKQBJKCkASigpAEsoKQBMKCkATSgpAE4oKQBP
311 = KCkAUCgpAFEoKwAVAEblVRYoKQAXKCkAGCgpABkoKQAaKCkAGygpABwoKQAdKCkAHigpAB
312 = 8oKQAgKCkAISgpACIoKQAjKCkAJCgpACUoKQAmKCkAJygpACgoKQApKCkAKigpACsoKQAs
313 = KCkALSgpAC4oKQAvKCkAMCgpADEoKQAyKCkAMygpADQoKQA1KCkANigpADcoKQA4KCkAOS
314 = gpADooKQA7KCkAPCgpAD0oKQA+KCkAPygpAEAoKQBBKCkAQigpAEMoKQBEKCkARSgpAEYo
315 = KQBHKCkASCgpAEkoKQBKKCkASygpAEwoKQBNKCkATigpAE8oKQBQKCsAFgBH7VIXKCkAGC
316 = gpABkoKQAaKCkAGygpABwoKQAdKCkAHigpAB8oKQAgKCkAISgpACIoKQAjKCkAJCgpACUo
317 = KQAmKCkAJygpACgoKQApKCkAKigpACsoKQAsKCkALSgpAC4oKQAvKCkAMCgpADEoKQAyKC
318 = kAMygpADQoKQA1KCkANigpADcoKQA4KCkAOSgpADooKQA7KCkAPCgpAD0oKQA+KCkAPygp
319 = AEAoKQBBKCkAQigpAEMoKQBEKCkARSgpAEYoKQBHKCkASCgpAEkoKQBKKCkASygpAEwoKQ
320 = BNKCkATigpAE8oKwAXAEj1TxgoKQAZKCkAGigpABsoKQAcKCkAHSgpAB4oKQAfKCkAICgp
321 = ACEoKQAiKCkAIygpACQoKQAlKCkAJigpACcoKQAoKCkAKSgpACooKQArKCkALCgpAC0oKQ
322 = AuKCkALygpADAoKQAxKCkAMigpADMoKQA0KCkANSgpADYoKQA3KCkAOCgpADkoKQA6KCkA
323 = OygpADwoKQA9KCkAPigpAD8oKQBAKCkAQSgpAEIoKQBDKCkARCgpAEUoKQBGKCkARygpAE
324 = goKQBJKCkASigpAEsoKQBMKCkATSgpAE4oKwAYAEn9TBkoKQAaKCkAGygpABwoKQAdKCkA
325 = HigpAB8oKQAgKCkAISgpACIoKQAjKCkAJCgpACUoKQAmKCkAJygpACgoKQApKCkAKigpAC
326 = soKQAsKCkALSgpAC4oKQAvKCkAMCgpADEoKQAyKCkAMygpADQoKQA1KCkANigpADcoKQA4
327 = KCkAOSgpADooKQA7KCkAPCgpAD0oKQA+KCkAPygpAEAoKQBBKCkAQigpAEMoKQBEKCkARS
328 = gpAEYoKQBHKCkASCgpAEkoKQBKKCkASygpAEwoKQBNKCsAGQBK5UoaKCkAGygpABwoKQAd
329 = KCkAHigpAB8oKQAgKCkAISgpACIoKQAjKCkAJCgpACUoKQAmKCkAJygpACgoKQApKCkAKi
330 = gpACsoKQAsKCkALSgpAC4oKQAvKCkAMCgpADEoKQAyKCkAMygpADQoKQA1KCkANigpADco
331 = KQA4KCkAOSgpADooKQA7KCkAPCgpAD0oKQA+KCkAPygpAEAoKQBBKCkAQigpAEMoKQBEKC
332 = kARSgpAEYoKQBHKCkASCgpAEkoKQBKKCkASygpAEwoKwAaAEvtRxsoKQAcKCkAHSgpAB4o
333 = KQAfKCkAICgpACEoKQAiKCkAIygpACQoKQAlKCkAJigpACcoKQAoKCkAKSgpACooKQArKC
334 = kALCgpAC0oKQAuKCkALygpADAoKQAxKCkAMigpADMoKQA0KCkANSgpADYoKQA3KCkAOCgp
335 = ADkoKQA6KCkAOygpADwoKQA9KCkAPigpAD8oKQBAKCkAQSgpAEIoKQBDKCkARCgpAEUoKQ
336 = BGKCkARygpAEgoKQBJKCkASigpAEsoKwAbAEz1RBwoKQAdKCkAHigpAB8oKQAgKCkAISgp
337 = ACIoKQAjKCkAJCgpACUoKQAmKCkAJygpACgoKQApKCkAKigpACsoKQAsKCkALSgpAC4oKQ
338 = AvKCkAMCgpADEoKQAyKCkAMygpADQoKQA1KCkANigpADcoKQA4KCkAOSgpADooKQA7KCkA
339 = PCgpAD0oKQA+KCkAPygpAEAoKQBBKCkAQigpAEMoKQBEKCkARSgpAEYoKQBHKCkASCgpAE
340 = koKQBKKCsAHABN/UEdKCkAHigpAB8oKQAgKCkAISgpACIoKQAjKCkAJCgpACUoKQAmKCkA
341 = JygpACgoKQApKCkAKigpACsoKQAsKCkALSgpAC4oKQAvKCkAMCgpADEoKQAyKCkAMygpAD
342 = QoKQA1KCkANigpADcoKQA4KCkAOSgpADooKQA7KCkAPCgpAD0oKQA+KCkAPygpAEAoKQBB
343 = KCkAQigpAEMoKQBEKCkARSgpAEYoKQBHKCkASCgpAEkoKwAdAE7lPx4oKQAfKCkAICgpAC
344 = EoKQAiKCkAIygpACQoKQAlKCkAJigpACcoKQAoKCkAKSgpACooKQArKCkALCgpAC0oKQAu
345 = KCkALygpADAoKQAxKCkAMigpADMoKQA0KCgAATUATgARAACuB7IUAe0BAABAAAE2AE4AyQ
346 = E3KCkAOCgpADkoKQA6KCkAOygpADwoKQA9KCkAPigpAD8oKQBAKCkAQSgpAEIoKQBDKCkA
347 = RCgpAEUoKQBGKCkARygpAEgoKwAeAE/hGh8oKQAgKCkAISgpACIoKQAjKCkAJCgpACUoKQ
348 = AmKCkAJygpACgoKQApKCkAKigpACsoKQAsKCkALSgpAC4oKQAvKCkAMCgpADEoKQAyKCkA
349 = MygpADQoKQA1KCkANigpADcoKQA4KCkAOSgpADooKQA7KCkAPCgpAD0oKQA+KCkAPygpAE
350 = AoKQBBKCkAQigpAEMoKQBEKCkARSgpAEYoKQBHKCsAHwBQ9TkgKCkAISgpACIoKQAjKCkA
351 = JCgpACUoKQAmKCkAJygpACgoKQApKCkAKigpACsoKQAsKCkALSgpAC4oKQAvKCkAMCgpAD
352 = EoKQAyKCkAMygpADQoKQA1KCkANigpADcoKQA4KCkAOSgpADooKQA7KCkAPCgpAD0oKQA+
353 = KCkAPygpAEAoKQBBKCkAQigpAEMoKQBEKCkARSgpAEYoKwAgAFH9NiEoKQAiKCkAIygpAC
354 = QoKQAlKCkAJigpACcoKQAoKCkAKSgpACooKQArKCkALCgpAC0oKQAuKCkALygpADAoKQAx
355 = KCkAMigpADMoKQA0KCkANSgpADYoKQA3KCkAOCgpADkoKQA6KCkAOygpADwoKQA9KCkAPi
356 = gpAD8oKQBAKCkAQSgpAEIoKQBDKCkARCgpAEUoKwAhAFLlNCIoKQAjKCkAJCgpACUoKQAm
357 = KCkAJygpACgoKQApKCkAKigpACsoKQAsKCkALSgpAC4oKQAvKCkAMCgpADEoKQAyKCkAMy
358 = gpADQoKQA1KCkANigpADcoKQA4KCkAOSgpADooKQA7KCkAPCgpAD0oKQA+KCkAPygpAEAo
359 = KQBBKCkAQigpAEMoKQBEKCsAIgBT7TEjKCkAJCgpACUoKQAmKCkAJygpACgoKQApKCkAKi
360 = gpACsoKQAsKCkALSgpAC4oKQAvKCkAMCgpADEoKQAyKCkAMygpADQoKQA1KCkANigpADco
361 = KQA4KCkAOSgpADooKQA7KCkAPCgpAD0oKQA+KCkAPygpAEAoKQBBKCkAQigpAEMoKwAjAF
362 = T1LiQoKQAlKCkAJigpACcoKQAoKCkAKSgpACooKQArKCkALCgpAC0oKQAuKCkALygpADAo
363 = KQAxKCkAMigpADMoKQA0KCkANSgpADYoKQA3KCkAOCgpADkoKQA6KCkAOygpADwoKQA9KC
364 = kAPigpAD8oKQBAKCkAQSgpAEIoKwAkAFX9KyUoKQAmKCkAJygpACgoKQApKCkAKigpACso
365 = KQAsKCkALSgpAC4oKQAvKCkAMCgpADEoKQAyKCkAMygpADQoKQA1KCkANigpADcoKQA4KC
366 = kAOSgpADooKQA7KCkAPCgpAD0oKQA+KCkAPygpAEAoKQBBKCsAJQBW5SkmKCkAJygpACgo
367 = KQApKCkAKigpACsoKQAsKCkALSgpAC4oKQAvKCkAMCgpADEoKQAyKCkAMygpADQoKQA1KC
368 = kANigpADcoKQA4KCkAOSgpADooKQA7KCkAPCgpAD0oKQA+KCkAPygpAEAoKwAmAFftJico
369 = KQAoKCkAKSgpACooKQArKCkALCgpAC0oKQAuKCkALygpADAoKQAxKCkAMigpADMoKQA0KC
370 = kANSgpADYoKQA3KCkAOCgpADkoKQA6KCkAOygpADwoKQA9KCkAPigpAD8oKwAnAFj1Iygo
371 = KQApKCkAKigpACsoKQAsKCkALSgpAC4oKQAvKCkAMCgpADEoKQAyKCkAMygpADQoKQA1KC
372 = kANigpADcoKQA4KCkAOSgpADooKQA7KCkAPCgpAD0oKQA+KCsAKABZ/SApKCkAKigpACso
373 = KQAsKCkALSgpAC4oKQAvKCkAMCgpADEoKQAyKCkAMygpADQoKQA1KCkANigpADcoKQA4KC
374 = kAOSgpADooKQA7KCkAPCgpAD0oKwApAFrlHiooKQArKCkALCgpAC0oKQAuKCkALygpADAo
375 = KQAxKCkAMigpADMoKQA0KCkANSgpADYoKQA3KCkAOCgpADkoKQA6KCkAOygpADwoKwAqAF
376 = vtGysoKQAsKCkALSgpAC4oKQAvKCkAMCgpADEoKQAyKCkAMygpADQoKQA1KCkANigpADco
377 = KQA4KCkAOSgpADooKQA7KCsAKwBc9RgsKCkALSgpAC4oKQAvKCkAMCgpADEoKQAyKCkAMy
378 = gpADQoKQA1KCkANigpADcoKQA4KCkAOSgpADooKwAsAF39FS0oKQAuKCkALygpADAoKQAx
379 = KCkAMigpADMoKQA0KCkANSgpADYoKQA3KCkAOCgpADkoKwAtAF7lEy4oKQAvKCkAMCgpAD
380 = EoKQAyKCkAMygpADQoKQA1KCkANigpADcoKQA4KCsALgBf7RAvKCkAMCgpADEoKQAyKCkA
381 = MygpADQoKQA1KCkANigpADcoKwAvAGD1DTAoKQAxKCkAMigpADMoKQA0KCkANSgpADYoKw
382 = AwAGH9CjEoKQAyKCkAMygpADQoKQA1KCsAMQBi5QgyKCkAMygpADQoKwAyAGPsBQgzAGMA
383 = 7QEAAAAAABEAAA==

[Lighting]
Red = 1.000000
Blue = 1.000000
Green = 1.000000
Level = 0.032000
Ground = 0.000000
IonRed = 1.000000
Ambient = 1.000000
IonBlue = 1.000000
IonGreen = 1.000000
IonLevel = 0.032000
IonGround = 0.000000
IonAmbient = 1.000000
DominatorRed = 0.850000
DominatorBlue = 0.300000
DominatorGreen = 0.200000
DominatorLevel = 0.000000
DominatorGround = 0.000000
DominatorAmbient = 1.500000
DominatorAmbientChangeRate = 0.009000

[Map]
Size = 0,0,50,50
Theater = NEWURBAN
LocalSize = 2,4,46,44

[Neutral]
IQ = 0
Edge = North
Color = Grey
Allies = Neutral
Country = Neutral
Credits = 0
NodeCount = 0
TechLevel = 1
PercentBuilt = 0
PlayerControl = no

[Nod]
IQ = 0
Edge = North
Color = Gold
Allies = Nod
Country = Nod
Credits = 0
NodeCount = 0
TechLevel = 1
PercentBuilt = 0
PlayerControl = no

[OverlayDataPack]
1 = BQAAIP4AIACABQAAIP4AIACABQAAIP4AIACABQAAIP4AIACABQAAIP4AIACABQAAIP4AIA
2 = CABQAAIP4AIACABQAAIP4AIACABQAAIP4AIACABQAAIP4AIACABQAAIP4AIACABQAAIP4A
3 = IACABQAAIP4AIACABQAAIP4AIACABQAAIP4AIACABQAAIP4AIACABQAAIP4AIACABQAAIP
4 = 4AIACABQAAIP4AIACABQAAIP4AIACABQAAIP4AIACABQAAIP4AIACABQAAIP4AIACABQAA
5 = IP4AIACABQAAIP4AIACABQAAIP4AIACABQAAIP4AIACABQAAIP4AIACABQAAIP4AIACABQ
6 = AAIP4AIACABQAAIP4AIACABQAAIP4AIACA

[OverlayPack]
1 = BQAAIP4AIP+ABQAAIP4AIP+ABQAAIP4AIP+ABQAAIP4AIP+ABQAAIP4AIP+ABQAAIP4AIP
2 = +ABQAAIP4AIP+ABQAAIP4AIP+ABQAAIP4AIP+ABQAAIP4AIP+ABQAAIP4AIP+ABQAAIP4A
3 = IP+ABQAAIP4AIP+ABQAAIP4AIP+ABQAAIP4AIP+ABQAAIP4AIP+ABQAAIP4AIP+ABQAAIP
4 = 4AIP+ABQAAIP4AIP+ABQAAIP4AIP+ABQAAIP4AIP+ABQAAIP4AIP+ABQAAIP4AIP+ABQAA
5 = IP4AIP+ABQAAIP4AIP+ABQAAIP4AIP+ABQAAIP4AIP+ABQAAIP4AIP+ABQAAIP4AIP+ABQ
6 = AAIP4AIP+ABQAAIP4AIP+ABQAAIP4AIP+A

[Russians]
IQ = 0
Edge = North
Color = DarkRed
Allies = Russians
Country = Russians
Credits = 0
NodeCount = 0
TechLevel = 1
PercentBuilt = 0
PlayerControl = no

[Special]
IQ = 0
Edge = North
Color = Grey
Allies = Special
Country = Special
Credits = 0
NodeCount = 0
TechLevel = 1
PercentBuilt = 0
PlayerControl = no

[SpecialFlags]
Inert = no
FogOfWar = no
IonStorms = no
MCVDeploy = no
Meteorites = no
Visceroids = yes
FixedAlliance = no
TiberiumGrows = yes
InitialVeteran = no
HarvesterImmune = no
TiberiumSpreads = yes
TiberiumExplosive = no
DestroyableBridges = yes

[Structures]
0 = Neutral,GASBAR,256,47,43,64,01000001,1,0,1,0,0,None,None,None,0,0
1 = Neutral,NASBAR,256,50,43,64,01000001,1,0,1,0,0,None,None,None,0,0
2 = Neutral,YASBAR,256,54,43,64,01000001,1,0,1,0,0,None,None,None,0,0
3 = Neutral,CARUFGL,256,50,42,64,01000001,1,0,1,0,0,None,None,None,0,0
4 = Neutral,CAUSFGL,256,47,42,64,01000001,1,0,1,0,0,None,None,None,0,0
5 = Neutral,CAYRFGL,256,54,42,64,01000001,1,0,1,0,0,None,None,None,0,0
6 = Neutral,NATECHC,256,61,39,64,01000001,1,0,1,0,0,None,None,None,0,0
7 = Neutral,NATECHI,256,64,39,64,01000001,1,0,1,0,0,None,None,None,0,0
8 = Neutral,NATECHYA,256,67,39,64,01000001,1,0,1,0,0,None,None,None,0,0
9 = Neutral,NATECHCHI,256,70,39,64,01000001,1,0,1,0,0,None,None,None,0,0
10 = Neutral,NATECH,256,58,39,64,01000001,1,0,1,0,0,None,None,None,0,0
11 = Neutral,NAHAND,256,54,30,64,01000001,1,0,1,0,0,None,None,None,0,0
12 = Neutral,GAPILE,256,51,30,64,01000001,1,0,1,0,0,None,None,None,0,0
13 = Neutral,GACNST,256,52,22,64,01000001,1,0,1,0,0,None,None,None,0,0
14 = Neutral,YACNST,256,48,22,64,01000001,1,0,1,0,0,None,None,None,0,0
15 = Neutral,NAINDP,256,31,72,64,01000001,1,0,1,0,0,None,None,None,0,0
16 = Neutral,NANRCTQ,256,68,31,64,01000001,1,0,1,0,0,None,None,None,0,0
17 = Neutral,NANRCTQ,256,64,31,64,01000001,1,0,1,0,0,None,None,None,0,0
18 = Neutral,NANRCTQ,256,60,31,64,01000001,1,0,1,0,0,None,None,None,0,0
19 = Neutral,NAINDPDON,256,31,68,64,01000001,1,0,1,0,0,None,None,None,0,0
20 = Neutral,NAFIST,256,38,47,64,01000001,1,0,1,0,0,None,None,None,0,0
21 = Neutral,NARADR,256,35,48,64,01000001,1,0,1,0,0,None,None,None,0,0
22 = Neutral,YATECH,256,26,67,64,01000001,1,0,1,0,0,None,None,None,0,0
23 = Neutral,GAWEAP2,256,38,50,64,01000001,1,0,1,0,0,None,None,None,0,0
24 = Neutral,NANIKOLT,256,55,39,64,01000001,1,0,1,0,0,None,None,None,0,0
25 = Neutral,NACYBCR,256,46,33,64,01000001,1,0,1,0,0,None,None,None,0,0
26 = Neutral,NAWEAP2,256,38,53,64,01000001,1,0,1,0,0,None,None,None,0,0
27 = Neutral,NASTECH,256,41,35,64,01000001,1,0,1,0,0,None,None,None,0,0
28 = Neutral,GASTECH,256,37,38,64,01000001,1,0,1,0,0,None,None,None,0,0
29 = Neutral,YACOMDAL,256,17,58,64,01000001,1,0,1,0,0,None,None,None,0,0
30 = Neutral,YAPPET,256,54,18,64,01000001,1,0,1,0,0,None,None,None,0,0
31 = Neutral,YAGNTC,256,51,18,64,01000001,1,0,1,0,0,None,None,None,0,0
32 = Neutral,YACOMDG,256,17,54,64,01000001,1,0,1,0,0,None,None,None,0,0
33 = Neutral,YACOMDP,256,17,50,64,01000001,1,0,1,0,0,None,None,None,0,0
34 = Neutral,YACOMDG,256,17,46,64,01000001,1,0,1,0,0,None,None,None,0,0
35 = Neutral,NAINDPDON,256,35,68,64,01000001,1,0,1,0,0,None,None,None,0,0
36 = Neutral,NAINDPDON,256,35,72,64,01000001,1,0,1,0,0,None,None,None,0,0
37 = Neutral,NAINDP,256,31,76,64,01000001,1,0,1,0,0,None,None,None,0,0
38 = Neutral,NAINDP,256,35,76,64,01000001,1,0,1,0,0,None,None,None,0,0
39 = Neutral,NAACLON,256,46,29,64,01000001,1,0,1,0,0,None,None,None,0,0
40 = Neutral,NACLON,256,42,29,64,01000001,1,0,1,0,0,None,None,None,0,0
41 = Neutral,NACNST,256,44,22,64,01000001,1,0,1,0,0,None,None,None,0,0
42 = Neutral,YACOMD,256,17,42,64,01000001,1,0,1,0,0,None,None,None,0,0
43 = Neutral,YAWEAP,256,38,56,64,01000001,1,0,1,0,0,None,None,None,0,0
44 = Neutral,NAWEAP,256,38,59,64,01000001,1,0,1,0,0,None,None,None,0,0
45 = Neutral,GAWEAP,256,38,62,64,01000001,1,0,1,0,0,None,None,None,0,0
46 = Neutral,GATECH,256,60,28,64,01000001,1,0,1,0,0,None,None,None,0,0
47 = Neutral,NAPSYB,256,57,19,64,01000001,1,0,1,0,0,None,None,None,0,0
48 = Neutral,NAAIRC,256,57,22,64,01000001,1,0,1,0,0,None,None,None,0,0
49 = Neutral,NADEPT,256,39,24,64,01000001,1,0,1,0,0,None,None,None,0,0
50 = Neutral,NAMISL,256,36,28,64,01000001,1,0,1,0,0,None,None,None,0,0
51 = Neutral,NAIRON,256,36,30,64,01000001,1,0,1,0,0,None,None,None,0,0
52 = Neutral,GAFWEAT,256,24,35,64,01000001,1,0,1,0,0,None,None,None,0,0
53 = Neutral,GAWEAT,256,31,30,64,01000001,1,0,1,0,0,None,None,None,0,0
54 = Neutral,GACSPH,256,31,33,64,01000001,1,0,1,0,0,None,None,None,0,0
55 = Neutral,GAFCSPH,256,24,38,64,01000001,1,0,1,0,0,None,None,None,0,0

[Tags]
01000001 = 0,New triggerher 1,01000000

[Triggers]
01000000 = Neutral,<none>,New triggerher,0,1,1,1,0

[Units]
2 = Neutral,CENTWLKR,256,51,65,64,Guard,01000001,0,-1,0,-1,1,0
14 = Neutral,RAILTNK,256,53,72,64,Guard,01000001,0,-1,0,-1,1,0
15 = Neutral,SERAPHIM,256,49,69,64,Guard,01000001,0,-1,0,-1,1,0
16 = Neutral,SALAM,256,49,72,64,Guard,01000001,0,-1,0,-1,1,0
17 = Neutral,GUANYU,256,44,69,64,Guard,01000001,0,-1,0,-1,1,0
18 = Neutral,NCARRIER,256,44,73,64,Guard,01000001,0,-1,0,-1,1,0
19 = Neutral,SZAT,256,44,76,64,Guard,01000001,0,-1,0,-1,1,0
20 = Neutral,AUSTR,256,49,76,64,Guard,01000001,0,-1,0,-1,1,0
21 = Neutral,IRKA,256,45,81,64,Guard,01000001,0,-1,0,-1,1,0
22 = Neutral,BIST,256,49,80,64,Guard,01000001,0,-1,0,-1,1,0
23 = Neutral,SHFT,256,53,69,64,Guard,01000001,0,-1,0,-1,1,0
24 = Neutral,BAST,256,50,86,64,Guard,01000001,0,-1,0,-1,1,0

[Waypoints]
0 = 50077

[Yugoslavia]
IQ = 0
Edge = North
Color = DarkRed
Allies = Yugoslavia
Country = Yugoslavia
Credits = 0
NodeCount = 0
TechLevel = 1
PercentBuilt = 0
PlayerControl = no

[YuriCountry]
IQ = 0
Edge = North
Color = DarkRed
Allies = YuriCountry
Country = YuriCountry
Credits = 0
NodeCount = 0
TechLevel = 1
PercentBuilt = 0
PlayerControl = no

[YuriGreen]
IQ = 0
Edge = North
Color = DarkRed
Allies = YuriGreen
Country = YuriGreen
Credits = 0
NodeCount = 0
TechLevel = 1
PercentBuilt = 0
PlayerControl = no

[YuriPacific]
IQ = 0
Edge = North
Color = DarkRed
Allies = YuriPacific
Country = YuriPacific
Credits = 0
NodeCount = 0
TechLevel = 1
PercentBuilt = 0
PlayerControl = no

[Digest]
1 = 9ks6a8Y/hDwCI7R1+BWH67ZJ8gw=
